Component: ARM Compiler 5.06 update 6 (build 750) Tool: armlink [4d35ed]

==============================================================================

Section Cross References

    main.o(i.System_Init) refers to system_stm32f10x.o(i.SystemInit) for SystemInit
    main.o(i.System_Init) refers to fsv9563.o(i.delay_init) for delay_init
    main.o(i.System_Init) refers to stm32f10x_rcc.o(i.RCC_APB2PeriphClockCmd) for RCC_APB2PeriphClockCmd
    main.o(i.System_Init) refers to stm32f10x_gpio.o(i.GPIO_Init) for GPIO_Init
    main.o(i.System_Init) refers to stm32f10x_usart.o(i.USART_Init) for USART_Init
    main.o(i.System_Init) refers to misc.o(i.NVIC_Init) for NVIC_Init
    main.o(i.System_Init) refers to stm32f10x_usart.o(i.USART_ITConfig) for USART_ITConfig
    main.o(i.System_Init) refers to stm32f10x_usart.o(i.USART_Cmd) for USART_Cmd
    main.o(i.System_Init) refers to stm32f10x_usart.o(i.USART_ClearFlag) for USART_ClearFlag
    main.o(i.USART1_IRQHandler) refers to stm32f10x_usart.o(i.USART_GetITStatus) for USART_GetITStatus
    main.o(i.USART1_IRQHandler) refers to stm32f10x_usart.o(i.USART_ReceiveData) for USART_ReceiveData
    main.o(i.USART1_IRQHandler) refers to stm32f10x_usart.o(i.USART_ClearITPendingBit) for USART_ClearITPendingBit
    main.o(i.USART1_IRQHandler) refers to main.o(.data) for .data
    main.o(i.USART1_IRQHandler) refers to main.o(.bss) for .bss
    main.o(i.main) refers to main.o(i.System_Init) for System_Init
    main.o(i.main) refers to rfid_compat.o(i.RFID_Compat_Init) for RFID_Compat_Init
    main.o(i.main) refers to rfid_compat.o(i.RFID_RespondAnalysis) for RFID_RespondAnalysis
    main.o(i.main) refers to main.o(.data) for .data
    main.o(i.main) refers to main.o(.bss) for .bss
    stm32f10x_it.o(i.EXTI15_10_IRQHandler) refers to stm32f10x_exti.o(i.EXTI_GetITStatus) for EXTI_GetITStatus
    stm32f10x_it.o(i.EXTI15_10_IRQHandler) refers to stm32f10x_exti.o(i.EXTI_ClearITPendingBit) for EXTI_ClearITPendingBit
    stm32f10x_it.o(i.EXTI15_10_IRQHandler) refers to stm32f10x_it.o(.data) for .data
    fsv9563.o(i.ComputeCrc_B) refers to fsv9563.o(i.UpdateCrc_B) for UpdateCrc_B
    fsv9563.o(i.FSV9563_CMD_LoadKey) refers to fsv9563.o(i.FSV9563_Command_Int) for FSV9563_Command_Int
    fsv9563.o(i.FSV9563_CMD_LoadProtocol) refers to fsv9563.o(i.FSV9563_Command_Int) for FSV9563_Command_Int
    fsv9563.o(i.FSV9563_CMD_Lpcd) refers to fsv9563.o(i.FSV9563_WriteReg) for FSV9563_WriteReg
    fsv9563.o(i.FSV9563_CMD_Lpcd) refers to fsv9563.o(i.FSV9563_SetBitMask) for FSV9563_SetBitMask
    fsv9563.o(i.FSV9563_CMD_Lpcd) refers to fsv9563.o(i.FSV9563_ReadReg) for FSV9563_ReadReg
    fsv9563.o(i.FSV9563_CMD_Lpcd) refers to fsv9563.o(i.FSV9563_Command_Int) for FSV9563_Command_Int
    fsv9563.o(i.FSV9563_CMD_Lpcd) refers to fsv9563.o(i.FSV9563_ClearBitMask) for FSV9563_ClearBitMask
    fsv9563.o(i.FSV9563_CMD_Lpcd) refers to fsv9563.o(i.FSV9563_SetRawRC) for FSV9563_SetRawRC
    fsv9563.o(i.FSV9563_CMD_Lpcd) refers to fsv9563.o(.data) for .data
    fsv9563.o(i.FSV9563_CMD_MfcAuthenticate) refers to fsv9563.o(i.FSV9563_Command_Int) for FSV9563_Command_Int
    fsv9563.o(i.FSV9563_CMD_MfcAuthenticate) refers to fsv9563.o(i.FSV9563_ReadReg) for FSV9563_ReadReg
    fsv9563.o(i.FSV9563_CPU_I_Block) refers to fsv9563.o(i.FSV9563_WriteReg) for FSV9563_WriteReg
    fsv9563.o(i.FSV9563_CPU_I_Block) refers to memcpya.o(.text) for __aeabi_memcpy
    fsv9563.o(i.FSV9563_CPU_I_Block) refers to fsv9563.o(i.FSV9563_PcdComTransceive) for FSV9563_PcdComTransceive
    fsv9563.o(i.FSV9563_ClearBitMask) refers to fsv9563.o(i.FSV9563_ReadReg) for FSV9563_ReadReg
    fsv9563.o(i.FSV9563_ClearBitMask) refers to fsv9563.o(i.FSV9563_WriteReg) for FSV9563_WriteReg
    fsv9563.o(i.FSV9563_Command_Int) refers to fsv9563.o(i.FSV9563_WriteReg) for FSV9563_WriteReg
    fsv9563.o(i.FSV9563_Command_Int) refers to fsv9563.o(i.FSV9563_SetBitMask) for FSV9563_SetBitMask
    fsv9563.o(i.FSV9563_Command_Int) refers to fsv9563.o(i.FSV9563_ReadReg) for FSV9563_ReadReg
    fsv9563.o(i.FSV9563_Command_Int) refers to fsv9563.o(.data) for .data
    fsv9563.o(i.FSV9563_Command_Int) refers to stm32f10x_it.o(.data) for Status_INT
    fsv9563.o(i.FSV9563_EasAlarm) refers to fsv9563.o(i.FSV9563_WriteReg) for FSV9563_WriteReg
    fsv9563.o(i.FSV9563_EasAlarm) refers to fsv9563.o(i.FSV9563_PcdComTransceive) for FSV9563_PcdComTransceive
    fsv9563.o(i.FSV9563_EasAlarm) refers to memcpya.o(.text) for __aeabi_memcpy
    fsv9563.o(i.FSV9563_FastInventoryRead) refers to fsv9563.o(i.FSV9563_WriteReg) for FSV9563_WriteReg
    fsv9563.o(i.FSV9563_FastInventoryRead) refers to fsv9563.o(i.FSV9563_CMD_LoadProtocol) for FSV9563_CMD_LoadProtocol
    fsv9563.o(i.FSV9563_FastInventoryRead) refers to stm32f10x_gpio.o(i.GPIO_SetBits) for GPIO_SetBits
    fsv9563.o(i.FSV9563_FastInventoryRead) refers to fsv9563.o(i.FSV9563_PcdComTransceive) for FSV9563_PcdComTransceive
[...]
    printf5.o(i.__0sprintf$5) refers to printf5.o(i._sputc) for _sputc
    printf5.o(i.__0vfprintf$5) refers to printf5.o(i._printf_core) for _printf_core
    printf5.o(i.__0vfprintf$5) refers to fputc.o(i.fputc) for fputc
    printf5.o(i.__0vprintf$5) refers to printf5.o(i._printf_core) for _printf_core
    printf5.o(i.__0vprintf$5) refers to fputc.o(i.fputc) for fputc
    printf5.o(i.__0vprintf$5) refers to stdout.o(.data) for __stdout
    printf5.o(i.__0vsnprintf$5) refers to printf5.o(i._printf_core) for _printf_core
    printf5.o(i.__0vsnprintf$5) refers to printf5.o(i._snputc) for _snputc
    printf5.o(i.__0vsprintf$5) refers to printf5.o(i._printf_core) for _printf_core
    printf5.o(i.__0vsprintf$5) refers to printf5.o(i._sputc) for _sputc
    printf5.o(i._printf_core) refers to uldiv.o(.text) for __aeabi_uldivmod
    printf6.o(i.__0fprintf$6) refers to printf6.o(i._printf_core) for _printf_core
    printf6.o(i.__0fprintf$6) refers to fputc.o(i.fputc) for fputc
    printf6.o(i.__0printf$6) refers to printf6.o(i._printf_core) for _printf_core
    printf6.o(i.__0printf$6) refers to fputc.o(i.fputc) for fputc
    printf6.o(i.__0printf$6) refers to stdout.o(.data) for __stdout
    printf6.o(i.__0snprintf$6) refers to printf6.o(i._printf_core) for _printf_core
    printf6.o(i.__0snprintf$6) refers to printf6.o(i._snputc) for _snputc
    printf6.o(i.__0sprintf$6) refers to printf6.o(i._printf_core) for _printf_core
    printf6.o(i.__0sprintf$6) refers to printf6.o(i._sputc) for _sputc
    printf6.o(i.__0vfprintf$6) refers to printf6.o(i._printf_core) for _printf_core
    printf6.o(i.__0vfprintf$6) refers to fputc.o(i.fputc) for fputc
    printf6.o(i.__0vprintf$6) refers to printf6.o(i._printf_core) for _printf_core
    printf6.o(i.__0vprintf$6) refers to fputc.o(i.fputc) for fputc
    printf6.o(i.__0vprintf$6) refers to stdout.o(.data) for __stdout
    printf6.o(i.__0vsnprintf$6) refers to printf6.o(i._printf_core) for _printf_core
    printf6.o(i.__0vsnprintf$6) refers to printf6.o(i._snputc) for _snputc
    printf6.o(i.__0vsprintf$6) refers to printf6.o(i._printf_core) for _printf_core
    printf6.o(i.__0vsprintf$6) refers to printf6.o(i._sputc) for _sputc
    printf6.o(i._printf_core) refers to printf6.o(i._printf_pre_padding) for _printf_pre_padding
    printf6.o(i._printf_core) refers to uidiv.o(.text) for __aeabi_uidivmod
    printf6.o(i._printf_core) refers to printf6.o(i._printf_post_padding) for _printf_post_padding
    printf7.o(i.__0fprintf$7) refers to printf7.o(i._printf_core) for _printf_core
    printf7.o(i.__0fprintf$7) refers to fputc.o(i.fputc) for fputc
    printf7.o(i.__0printf$7) refers to printf7.o(i._printf_core) for _printf_core
    printf7.o(i.__0printf$7) refers to fputc.o(i.fputc) for fputc
    printf7.o(i.__0printf$7) refers to stdout.o(.data) for __stdout
    printf7.o(i.__0snprintf$7) refers to printf7.o(i._printf_core) for _printf_core
    printf7.o(i.__0snprintf$7) refers to printf7.o(i._snputc) for _snputc
    printf7.o(i.__0sprintf$7) refers to printf7.o(i._printf_core) for _printf_core
    printf7.o(i.__0sprintf$7) refers to printf7.o(i._sputc) for _sputc
    printf7.o(i.__0vfprintf$7) refers to printf7.o(i._printf_core) for _printf_core
    printf7.o(i.__0vfprintf$7) refers to fputc.o(i.fputc) for fputc
    printf7.o(i.__0vprintf$7) refers to printf7.o(i._printf_core) for _printf_core
    printf7.o(i.__0vprintf$7) refers to fputc.o(i.fputc) for fputc
    printf7.o(i.__0vprintf$7) refers to stdout.o(.data) for __stdout
    printf7.o(i.__0vsnprintf$7) refers to printf7.o(i._printf_core) for _printf_core
    printf7.o(i.__0vsnprintf$7) refers to printf7.o(i._snputc) for _snputc
    printf7.o(i.__0vsprintf$7) refers to printf7.o(i._printf_core) for _printf_core
    printf7.o(i.__0vsprintf$7) refers to printf7.o(i._sputc) for _sputc
    printf7.o(i._printf_core) refers to printf7.o(i._printf_pre_padding) for _printf_pre_padding
    printf7.o(i._printf_core) refers to uldiv.o(.text) for __aeabi_uldivmod
    printf7.o(i._printf_core) refers to printf7.o(i._printf_post_padding) for _printf_post_padding
    printf8.o(i.__0fprintf$8) refers to printf8.o(i._printf_core) for _printf_core
    printf8.o(i.__0fprintf$8) refers to fputc.o(i.fputc) for fputc
    printf8.o(i.__0printf$8) refers to printf8.o(i._printf_core) for _printf_core
    printf8.o(i.__0printf$8) refers to fputc.o(i.fputc) for fputc
    printf8.o(i.__0printf$8) refers to stdout.o(.data) for __stdout
    printf8.o(i.__0snprintf$8) refers to printf8.o(i._printf_core) for _printf_core
    printf8.o(i.__0snprintf$8) refers to printf8.o(i._snputc) for _snputc
    printf8.o(i.__0sprintf$8) refers to printf8.o(i._printf_core) for _printf_core
    printf8.o(i.__0sprintf$8) refers to printf8.o(i._sputc) for _sputc
    printf8.o(i.__0vfprintf$8) refers to printf8.o(i._printf_core) for _printf_core
    printf8.o(i.__0vfprintf$8) refers to fputc.o(i.fputc) for fputc
    printf8.o(i.__0vprintf$8) refers to printf8.o(i._printf_core) for _printf_core
    printf8.o(i.__0vprintf$8) refers to fputc.o(i.fputc) for fputc
    printf8.o(i.__0vprintf$8) refers to stdout.o(.data) for __stdout
    printf8.o(i.__0vsnprintf$8) refers to printf8.o(i._printf_core) for _printf_core
    printf8.o(i.__0vsnprintf$8) refers to printf8.o(i._snputc) for _snputc
    printf8.o(i.__0vsprintf$8) refers to printf8.o(i._printf_core) for _printf_core
    printf8.o(i.__0vsprintf$8) refers to printf8.o(i._sputc) for _sputc
    printf8.o(i._printf_core) refers to printf8.o(i._printf_pre_padding) for _printf_pre_padding
    printf8.o(i._printf_core) refers to uldiv.o(.text) for __aeabi_uldivmod
    printf8.o(i._printf_core) refers to printf8.o(i._printf_post_padding) for _printf_post_padding
    printfa.o(i.__0fprintf) refers (Special) to iusefp.o(.text) for __I$use$fp
    printfa.o(i.__0fprintf) refers to printfa.o(i._printf_core) for _printf_core
    printfa.o(i.__0fprintf) refers to fputc.o(i.fputc) for fputc
    printfa.o(i.__0printf) refers (Special) to iusefp.o(.text) for __I$use$fp
    printfa.o(i.__0printf) refers to printfa.o(i._printf_core) for _printf_core
    printfa.o(i.__0printf) refers to fputc.o(i.fputc) for fputc
    printfa.o(i.__0printf) refers to stdout.o(.data) for __stdout
    printfa.o(i.__0snprintf) refers (Special) to iusefp.o(.text) for __I$use$fp
    printfa.o(i.__0snprintf) refers to printfa.o(i._printf_core) for _printf_core
    printfa.o(i.__0snprintf) refers to printfa.o(i._snputc) for _snputc
    printfa.o(i.__0sprintf) refers (Special) to iusefp.o(.text) for __I$use$fp
    printfa.o(i.__0sprintf) refers to printfa.o(i._printf_core) for _printf_core
    printfa.o(i.__0sprintf) refers to printfa.o(i._sputc) for _sputc
    printfa.o(i.__0vfprintf) refers (Special) to iusefp.o(.text) for __I$use$fp
    printfa.o(i.__0vfprintf) refers to printfa.o(i._printf_core) for _printf_core
    printfa.o(i.__0vfprintf) refers to fputc.o(i.fputc) for fputc
    printfa.o(i.__0vprintf) refers (Special) to iusefp.o(.text) for __I$use$fp
    printfa.o(i.__0vprintf) refers to printfa.o(i._printf_core) for _printf_core
    printfa.o(i.__0vprintf) refers to fputc.o(i.fputc) for fputc
    printfa.o(i.__0vprintf) refers to stdout.o(.data) for __stdout
    printfa.o(i.__0vsnprintf) refers (Special) to iusefp.o(.text) for __I$use$fp
    printfa.o(i.__0vsnprintf) refers to printfa.o(i._printf_core) for _printf_core
    printfa.o(i.__0vsnprintf) refers to printfa.o(i._snputc) for _snputc
    printfa.o(i.__0vsprintf) refers (Special) to iusefp.o(.text) for __I$use$fp
    printfa.o(i.__0vsprintf) refers to printfa.o(i._printf_core) for _printf_core
    printfa.o(i.__0vsprintf) refers to printfa.o(i._sputc) for _sputc
    printfa.o(i._fp_digits) refers (Special) to iusefp.o(.text) for __I$use$fp
    printfa.o(i._fp_digits) refers to dmul.o(.text) for __aeabi_dmul
    printfa.o(i._fp_digits) refers to ddiv.o(.text) for __aeabi_ddiv
    printfa.o(i._fp_digits) refers to cdrcmple.o(.text) for __aeabi_cdrcmple
    printfa.o(i._fp_digits) refers to dadd.o(.text) for __aeabi_dadd
    printfa.o(i._fp_digits) refers to dfixul.o(.text) for __aeabi_d2ulz
    printfa.o(i._fp_digits) refers to uldiv.o(.text) for __aeabi_uldivmod
    printfa.o(i._printf_core) refers (Special) to iusefp.o(.text) for __I$use$fp
    printfa.o(i._printf_core) refers to printfa.o(i._printf_pre_padding) for _printf_pre_padding
    printfa.o(i._printf_core) refers to uldiv.o(.text) for __aeabi_uldivmod
    printfa.o(i._printf_core) refers to printfa.o(i._printf_post_padding) for _printf_post_padding
    printfa.o(i._printf_core) refers to printfa.o(i._fp_digits) for _fp_digits
    printfa.o(i._printf_core) refers to uidiv.o(.text) for __aeabi_uidivmod
    printfa.o(i._printf_post_padding) refers (Special) to iusefp.o(.text) for __I$use$fp
    printfa.o(i._printf_pre_padding) refers (Special) to iusefp.o(.text) for __I$use$fp
    printfa.o(i._snputc) refers (Special) to iusefp.o(.text) for __I$use$fp
    printfa.o(i._sputc) refers (Special) to iusefp.o(.text) for __I$use$fp
    entry2.o(.ARM.Collect$$$$00000001) refers to entry2.o(.ARM.Collect$$$$00002712) for __lit__00000000
    entry2.o(.ARM.Collect$$$$00002712) refers to startup_stm32f10x_md.o(STACK) for __initial_sp
    entry2.o(__vectab_stack_and_reset_area) refers to startup_stm32f10x_md.o(STACK) for __initial_sp
    entry2.o(__vectab_stack_and_reset_area) refers to entry.o(.ARM.Collect$$$$00000000) for __main
    entry5.o(.ARM.Collect$$$$00000004) refers to init.o(.text) for __scatterload
    entry9a.o(.ARM.Collect$$$$0000000B) refers to main.o(i.main) for main
    entry9b.o(.ARM.Collect$$$$0000000C) refers to main.o(i.main) for main
    fputc.o(i.fputc) refers (Special) to iusesemip.o(.text) for __I$use$semihosting$fputc
    fputc.o(i.fputc) refers (Special) to semi.o(.text) for __semihosting_library_function
    uldiv.o(.text) refers to llushr.o(.text) for __aeabi_llsr
    uldiv.o(.text) refers to llshl.o(.text) for __aeabi_llsl
    dadd.o(.text) refers to llshl.o(.text) for __aeabi_llsl
    dadd.o(.text) refers to llsshr.o(.text) for __aeabi_lasr
    dadd.o(.text) refers to depilogue.o(.text) for _double_epilogue
    dmul.o(.text) refers to depilogue.o(.text) for _double_epilogue
    ddiv.o(.text) refers to depilogue.o(.text) for _double_round
    dfixul.o(.text) refers to llushr.o(.text) for __aeabi_llsr
    dfixul.o(.text) refers to llshl.o(.text) for __aeabi_llsl
    init.o(.text) refers to entry5.o(.ARM.Collect$$$$00000004) for __main_after_scatterload
    depilogue.o(.text) refers to llshl.o(.text) for __aeabi_llsl
    depilogue.o(.text) refers to llushr.o(.text) for __aeabi_llsr


==============================================================================

Removing Unused input sections from the image.

    Removing main.o(.rev16_text), (4 bytes).
    Removing main.o(.revsh_text), (4 bytes).
    Removing main.o(.rrx_text), (6 bytes).
    Removing stm32f10x_it.o(.rev16_text), (4 bytes).
    Removing stm32f10x_it.o(.revsh_text), (4 bytes).
    Removing stm32f10x_it.o(.rrx_text), (6 bytes).
    Removing fsv9563.o(.rev16_text), (4 bytes).
    Removing fsv9563.o(.revsh_text), (4 bytes).
    Removing fsv9563.o(.rrx_text), (6 bytes).
    Removing fsv9563.o(i.FSV9563_CMD_Lpcd), (196 bytes).
    Removing fsv9563.o(i.FSV9563_CPU_I_Block), (104 bytes).
    Removing fsv9563.o(i.FSV9563_EasAlarm), (114 bytes).
    Removing fsv9563.o(i.FSV9563_FastInventoryRead), (240 bytes).
    Removing fsv9563.o(i.FSV9563_Felica), (156 bytes).
    Removing fsv9563.o(i.FSV9563_FieldOff), (8 bytes).
    Removing fsv9563.o(i.FSV9563_FieldOn), (8 bytes).
    Removing fsv9563.o(i.FSV9563_FieldReset), (26 bytes).
    Removing fsv9563.o(i.FSV9563_FlushFifo), (8 bytes).
    Removing fsv9563.o(i.FSV9563_GetProtectionStatus), (114 bytes).
    Removing fsv9563.o(i.FSV9563_GetRandomNumber), (138 bytes).
    Removing fsv9563.o(i.FSV9563_ISO15693), (172 bytes).
    Removing fsv9563.o(i.FSV9563_InventoryExV), (200 bytes).
    Removing fsv9563.o(i.FSV9563_InventoryRead), (208 bytes).
    Removing fsv9563.o(i.FSV9563_InventoryV), (200 bytes).
    Removing fsv9563.o(i.FSV9563_LockPageProtectionCondition), (114 bytes).
    Removing fsv9563.o(i.FSV9563_Lpcd_Calib), (68 bytes).
    Removing fsv9563.o(i.FSV9563_Lpcd_Det), (96 bytes).
    Removing fsv9563.o(i.FSV9563_NT3H2111), (536 bytes).
    Removing fsv9563.o(i.FSV9563_NT3H2111Read), (84 bytes).
    Removing fsv9563.o(i.FSV9563_NT3H2111Test), (84 bytes).
    Removing fsv9563.o(i.FSV9563_NT3H2111Write), (132 bytes).
    Removing fsv9563.o(i.FSV9563_NT3H2111_Transfer), (72 bytes).
    Removing fsv9563.o(i.FSV9563_PassWordInit), (296 bytes).
    Removing fsv9563.o(i.FSV9563_PcdAuth), (86 bytes).
    Removing fsv9563.o(i.FSV9563_PcdAuthState), (68 bytes).
    Removing fsv9563.o(i.FSV9563_PcdHaltA), (46 bytes).
    Removing fsv9563.o(i.FSV9563_PcdInventoryV), (158 bytes).
    Removing fsv9563.o(i.FSV9563_PcdPollingV), (112 bytes).
    Removing fsv9563.o(i.FSV9563_PcdReadF), (134 bytes).
    Removing fsv9563.o(i.FSV9563_PcdRequestA), (170 bytes).
    Removing fsv9563.o(i.FSV9563_PcdRequestF), (174 bytes).
    Removing fsv9563.o(i.FSV9563_PcdWriteF), (144 bytes).
    Removing fsv9563.o(i.FSV9563_PpsA), (70 bytes).
    Removing fsv9563.o(i.FSV9563_ProtectPage), (130 bytes).
    Removing fsv9563.o(i.FSV9563_ReadSingleBlockV), (120 bytes).
    Removing fsv9563.o(i.FSV9563_ResetEAS), (114 bytes).
    Removing fsv9563.o(i.FSV9563_SRT512_GetUID), (60 bytes).
    Removing fsv9563.o(i.FSV9563_SRT512_Initate), (64 bytes).
    Removing fsv9563.o(i.FSV9563_SRT512_Select), (64 bytes).
    Removing fsv9563.o(i.FSV9563_SelectV), (108 bytes).
    Removing fsv9563.o(i.FSV9563_SetBaudrate), (76 bytes).
    Removing fsv9563.o(i.FSV9563_SetEAS), (114 bytes).
    Removing fsv9563.o(i.FSV9563_SetPassWard), (174 bytes).
    Removing fsv9563.o(i.FSV9563_StayQuiet), (108 bytes).
    Removing fsv9563.o(i.FSV9563_TAG), (684 bytes).
    Removing fsv9563.o(i.FSV9563_Trigger), (200 bytes).
    Removing fsv9563.o(i.FSV9563_TypeA), (468 bytes).
    Removing fsv9563.o(i.FSV9563_TypeB), (328 bytes).
    Removing fsv9563.o(i.FSV9563_Unlock), (46 bytes).
    Removing fsv9563.o(i.FSV9563_WritePassWard), (146 bytes).
    Removing fsv9563.o(i.FSV9563_WriteSingleBlockV), (112 bytes).
    Removing fsv9563.o(i.FSV9563_WriteTriggerMode), (118 bytes).
    Removing fsv9563.o(i.FSV9563_readV), (108 bytes).
    Removing fsv9563.o(i.Get_Adc), (52 bytes).
    Removing fsv9563.o(i.ReadADC1), (32 bytes).
    Removing fsv9563.o(i.ReadChipSel), (56 bytes).
    Removing fsv9563.o(i.TestMode_FSV9563), (38 bytes).
    Removing fsv9563.o(i.delay_us), (40 bytes).
    Removing fsv9563.o(i.printStatus), (2 bytes).
    Removing fsv9563.o(.data), (4 bytes).
    Removing rfid_compat.o(.rev16_text), (4 bytes).
    Removing rfid_compat.o(.revsh_text), (4 bytes).
    Removing rfid_compat.o(.rrx_text), (6 bytes).
    Removing misc.o(.rev16_text), (4 bytes).
    Removing misc.o(.revsh_text), (4 bytes).
    Removing misc.o(.rrx_text), (6 bytes).
    Removing misc.o(i.NVIC_PriorityGroupConfig), (20 bytes).
    Removing misc.o(i.NVIC_SetVectorTable), (20 bytes).
    Removing misc.o(i.NVIC_SystemLPConfig), (24 bytes).
    Removing misc.o(i.SysTick_CLKSourceConfig), (24 bytes).
    Removing stm32f10x_adc.o(.rev16_text), (4 bytes).
    Removing stm32f10x_adc.o(.revsh_text), (4 bytes).
    Removing stm32f10x_adc.o(.rrx_text), (6 bytes).
    Removing stm32f10x_adc.o(i.ADC_AnalogWatchdogCmd), (16 bytes).
    Removing stm32f10x_adc.o(i.ADC_AnalogWatchdogSingleChannelConfig), (12 bytes).
    Removing stm32f10x_adc.o(i.ADC_AnalogWatchdogThresholdsConfig), (6 bytes).
    Removing stm32f10x_adc.o(i.ADC_AutoInjectedConvCmd), (20 bytes).
    Removing stm32f10x_adc.o(i.ADC_ClearFlag), (6 bytes).
    Removing stm32f10x_adc.o(i.ADC_ClearITPendingBit), (8 bytes).
    Removing stm32f10x_adc.o(i.ADC_DMACmd), (20 bytes).
    Removing stm32f10x_adc.o(i.ADC_DeInit), (68 bytes).
    Removing stm32f10x_adc.o(i.ADC_DiscModeChannelCountConfig), (16 bytes).
    Removing stm32f10x_adc.o(i.ADC_DiscModeCmd), (20 bytes).
    Removing stm32f10x_adc.o(i.ADC_ExternalTrigConvCmd), (20 bytes).
    Removing stm32f10x_adc.o(i.ADC_ExternalTrigInjectedConvCmd), (20 bytes).
    Removing stm32f10x_adc.o(i.ADC_ExternalTrigInjectedConvConfig), (12 bytes).
    Removing stm32f10x_adc.o(i.ADC_GetCalibrationStatus), (14 bytes).
    Removing stm32f10x_adc.o(i.ADC_GetConversionValue), (6 bytes).
    Removing stm32f10x_adc.o(i.ADC_GetDualModeConversionValue), (12 bytes).
    Removing stm32f10x_adc.o(i.ADC_GetFlagStatus), (14 bytes).
    Removing stm32f10x_adc.o(i.ADC_GetITStatus), (28 bytes).
    Removing stm32f10x_adc.o(i.ADC_GetInjectedConversionValue), (14 bytes).
    Removing stm32f10x_adc.o(i.ADC_GetResetCalibrationStatus), (14 bytes).
    Removing stm32f10x_adc.o(i.ADC_GetSoftwareStartConvStatus), (14 bytes).
    Removing stm32f10x_adc.o(i.ADC_GetSoftwareStartInjectedConvCmdStatus), (14 bytes).
    Removing stm32f10x_adc.o(i.ADC_ITConfig), (18 bytes).
    Removing stm32f10x_adc.o(i.ADC_InjectedChannelConfig), (74 bytes).
    Removing stm32f10x_adc.o(i.ADC_InjectedDiscModeCmd), (20 bytes).
    Removing stm32f10x_adc.o(i.ADC_InjectedSequencerLengthConfig), (16 bytes).
    Removing stm32f10x_adc.o(i.ADC_RegularChannelConfig), (116 bytes).
    Removing stm32f10x_adc.o(i.ADC_ResetCalibration), (10 bytes).
    Removing stm32f10x_adc.o(i.ADC_SetInjectedOffset), (10 bytes).
    Removing stm32f10x_adc.o(i.ADC_SoftwareStartConvCmd), (20 bytes).
    Removing stm32f10x_adc.o(i.ADC_SoftwareStartInjectedConvCmd), (20 bytes).
    Removing stm32f10x_adc.o(i.ADC_StartCalibration), (10 bytes).
    Removing stm32f10x_adc.o(i.ADC_StructInit), (18 bytes).
    Removing stm32f10x_adc.o(i.ADC_TempSensorVrefintCmd), (28 bytes).
    Removing stm32f10x_exti.o(.rev16_text), (4 bytes).
    Removing stm32f10x_exti.o(.revsh_text), (4 bytes).
    Removing stm32f10x_exti.o(.rrx_text), (6 bytes).
    Removing stm32f10x_exti.o(i.EXTI_ClearFlag), (12 bytes).
    Removing stm32f10x_exti.o(i.EXTI_DeInit), (36 bytes).
    Removing stm32f10x_exti.o(i.EXTI_GenerateSWInterrupt), (16 bytes).
    Removing stm32f10x_exti.o(i.EXTI_GetFlagStatus), (20 bytes).
    Removing stm32f10x_exti.o(i.EXTI_StructInit), (14 bytes).
    Removing stm32f10x_gpio.o(.rev16_text), (4 bytes).
    Removing stm32f10x_gpio.o(.revsh_text), (4 bytes).
    Removing stm32f10x_gpio.o(.rrx_text), (6 bytes).
    Removing stm32f10x_gpio.o(i.GPIO_AFIODeInit), (22 bytes).
    Removing stm32f10x_gpio.o(i.GPIO_DeInit), (180 bytes).
    Removing stm32f10x_gpio.o(i.GPIO_ETH_MediaInterfaceConfig), (12 bytes).
    Removing stm32f10x_gpio.o(i.GPIO_EventOutputCmd), (12 bytes).
    Removing stm32f10x_gpio.o(i.GPIO_EventOutputConfig), (28 bytes).
    Removing stm32f10x_gpio.o(i.GPIO_PinLockConfig), (16 bytes).
    Removing stm32f10x_gpio.o(i.GPIO_ReadInputData), (6 bytes).
    Removing stm32f10x_gpio.o(i.GPIO_ReadInputDataBit), (14 bytes).
    Removing stm32f10x_gpio.o(i.GPIO_ReadOutputData), (6 bytes).
    Removing stm32f10x_gpio.o(i.GPIO_ReadOutputDataBit), (14 bytes).
    Removing stm32f10x_gpio.o(i.GPIO_StructInit), (16 bytes).
    Removing stm32f10x_gpio.o(i.GPIO_Write), (4 bytes).
    Removing stm32f10x_rcc.o(.rev16_text), (4 bytes).
    Removing stm32f10x_rcc.o(.revsh_text), (4 bytes).
    Removing stm32f10x_rcc.o(.rrx_text), (6 bytes).
    Removing stm32f10x_rcc.o(i.RCC_ADCCLKConfig), (20 bytes).
    Removing stm32f10x_rcc.o(i.RCC_AHBPeriphClockCmd), (24 bytes).
    Removing stm32f10x_rcc.o(i.RCC_APB1PeriphResetCmd), (24 bytes).
    Removing stm32f10x_rcc.o(i.RCC_APB2PeriphResetCmd), (24 bytes).
    Removing stm32f10x_rcc.o(i.RCC_AdjustHSICalibrationValue), (20 bytes).
    Removing stm32f10x_rcc.o(i.RCC_BackupResetCmd), (12 bytes).
    Removing stm32f10x_rcc.o(i.RCC_ClearFlag), (16 bytes).
    Removing stm32f10x_rcc.o(i.RCC_ClearITPendingBit), (12 bytes).
    Removing stm32f10x_rcc.o(i.RCC_ClockSecuritySystemCmd), (12 bytes).
    Removing stm32f10x_rcc.o(i.RCC_DeInit), (64 bytes).
    Removing stm32f10x_rcc.o(i.RCC_GetFlagStatus), (48 bytes).
    Removing stm32f10x_rcc.o(i.RCC_GetITStatus), (20 bytes).
    Removing stm32f10x_rcc.o(i.RCC_GetSYSCLKSource), (16 bytes).
    Removing stm32f10x_rcc.o(i.RCC_HCLKConfig), (20 bytes).
    Removing stm32f10x_rcc.o(i.RCC_HSEConfig), (52 bytes).
    Removing stm32f10x_rcc.o(i.RCC_HSICmd), (12 bytes).
    Removing stm32f10x_rcc.o(i.RCC_ITConfig), (24 bytes).
    Removing stm32f10x_rcc.o(i.RCC_LSEConfig), (32 bytes).
    Removing stm32f10x_rcc.o(i.RCC_LSICmd), (12 bytes).
    Removing stm32f10x_rcc.o(i.RCC_MCOConfig), (12 bytes).
    Removing stm32f10x_rcc.o(i.RCC_PCLK1Config), (20 bytes).
    Removing stm32f10x_rcc.o(i.RCC_PCLK2Config), (20 bytes).
    Removing stm32f10x_rcc.o(i.RCC_PLLCmd), (12 bytes).
    Removing stm32f10x_rcc.o(i.RCC_PLLConfig), (20 bytes).
    Removing stm32f10x_rcc.o(i.RCC_RTCCLKCmd), (12 bytes).
    Removing stm32f10x_rcc.o(i.RCC_RTCCLKConfig), (16 bytes).
    Removing stm32f10x_rcc.o(i.RCC_SYSCLKConfig), (20 bytes).
    Removing stm32f10x_rcc.o(i.RCC_USBCLKConfig), (12 bytes).
    Removing stm32f10x_rcc.o(i.RCC_WaitForHSEStartUp), (44 bytes).
    Removing stm32f10x_spi.o(.rev16_text), (4 bytes).
    Removing stm32f10x_spi.o(.revsh_text), (4 bytes).
    Removing stm32f10x_spi.o(.rrx_text), (6 bytes).
    Removing stm32f10x_spi.o(i.I2S_Cmd), (20 bytes).
    Removing stm32f10x_spi.o(i.I2S_Init), (150 bytes).
    Removing stm32f10x_spi.o(i.I2S_StructInit), (18 bytes).
    Removing stm32f10x_spi.o(i.SPI_BiDirectionalLineConfig), (22 bytes).
    Removing stm32f10x_spi.o(i.SPI_CalculateCRC), (20 bytes).
    Removing stm32f10x_spi.o(i.SPI_DataSizeConfig), (16 bytes).
    Removing stm32f10x_spi.o(i.SPI_GetCRC), (12 bytes).
    Removing stm32f10x_spi.o(i.SPI_GetCRCPolynomial), (4 bytes).
    Removing stm32f10x_spi.o(i.SPI_I2S_ClearFlag), (6 bytes).
    Removing stm32f10x_spi.o(i.SPI_I2S_ClearITPendingBit), (14 bytes).
    Removing stm32f10x_spi.o(i.SPI_I2S_DMACmd), (16 bytes).
    Removing stm32f10x_spi.o(i.SPI_I2S_DeInit), (84 bytes).
    Removing stm32f10x_spi.o(i.SPI_I2S_GetFlagStatus), (14 bytes).
    Removing stm32f10x_spi.o(i.SPI_I2S_GetITStatus), (44 bytes).
    Removing stm32f10x_spi.o(i.SPI_I2S_ITConfig), (24 bytes).
    Removing stm32f10x_spi.o(i.SPI_I2S_ReceiveData), (4 bytes).
    Removing stm32f10x_spi.o(i.SPI_I2S_SendData), (4 bytes).
    Removing stm32f10x_spi.o(i.SPI_NSSInternalSoftwareConfig), (24 bytes).
    Removing stm32f10x_spi.o(i.SPI_SSOutputCmd), (20 bytes).
    Removing stm32f10x_spi.o(i.SPI_StructInit), (24 bytes).
    Removing stm32f10x_spi.o(i.SPI_TransmitCRC), (10 bytes).
    Removing stm32f10x_usart.o(.rev16_text), (4 bytes).
    Removing stm32f10x_usart.o(.revsh_text), (4 bytes).
    Removing stm32f10x_usart.o(.rrx_text), (6 bytes).
    Removing stm32f10x_usart.o(i.USART_ClockInit), (30 bytes).
    Removing stm32f10x_usart.o(i.USART_ClockStructInit), (12 bytes).
    Removing stm32f10x_usart.o(i.USART_DMACmd), (16 bytes).
    Removing stm32f10x_usart.o(i.USART_DeInit), (116 bytes).
    Removing stm32f10x_usart.o(i.USART_GetFlagStatus), (14 bytes).
    Removing stm32f10x_usart.o(i.USART_HalfDuplexCmd), (20 bytes).
    Removing stm32f10x_usart.o(i.USART_IrDACmd), (20 bytes).
    Removing stm32f10x_usart.o(i.USART_IrDAConfig), (16 bytes).
    Removing stm32f10x_usart.o(i.USART_LINBreakDetectLengthConfig), (16 bytes).
    Removing stm32f10x_usart.o(i.USART_LINCmd), (20 bytes).
    Removing stm32f10x_usart.o(i.USART_OneBitMethodCmd), (20 bytes).
    Removing stm32f10x_usart.o(i.USART_OverSampling8Cmd), (20 bytes).
    Removing stm32f10x_usart.o(i.USART_ReceiverWakeUpCmd), (20 bytes).
    Removing stm32f10x_usart.o(i.USART_SendBreak), (10 bytes).
    Removing stm32f10x_usart.o(i.USART_SetAddress), (16 bytes).
    Removing stm32f10x_usart.o(i.USART_SetGuardTime), (16 bytes).
    Removing stm32f10x_usart.o(i.USART_SetPrescaler), (16 bytes).
    Removing stm32f10x_usart.o(i.USART_SmartCardCmd), (20 bytes).
    Removing stm32f10x_usart.o(i.USART_SmartCardNACKCmd), (20 bytes).
    Removing stm32f10x_usart.o(i.USART_StructInit), (22 bytes).
    Removing stm32f10x_usart.o(i.USART_WakeUpConfig), (16 bytes).
    Removing startup_stm32f10x_md.o(HEAP), (512 bytes).
    Removing system_stm32f10x.o(.rev16_text), (4 bytes).
    Removing system_stm32f10x.o(.revsh_text), (4 bytes).
    Removing system_stm32f10x.o(.rrx_text), (6 bytes).
    Removing system_stm32f10x.o(i.SystemCoreClockUpdate), (104 bytes).
    Removing system_stm32f10x.o(.data), (20 bytes).
    Removing dadd.o(.text), (334 bytes).
    Removing dmul.o(.text), (228 bytes).
    Removing ddiv.o(.text), (222 bytes).
    Removing dfixul.o(.text), (48 bytes).
    Removing cdrcmple.o(.text), (48 bytes).
    Removing depilogue.o(.text), (186 bytes).

232 unused section(s) (total 12900 bytes) removed from the image.

==============================================================================

Image Symbol Table

    Local Symbols

    Symbol Name                              Value     Ov Type        Size  Object(Section)

    ../clib/microlib/division.c              0x00000000   Number         0  uldiv.o ABSOLUTE
    ../clib/microlib/division.c              0x00000000   Number         0  uidiv.o ABSOLUTE
    ../clib/microlib/init/entry.s            0x00000000   Number         0  entry8a.o ABSOLUTE
    ../clib/microlib/init/entry.s            0x00000000   Number         0  entry7b.o ABSOLUTE
    ../clib/microlib/init/entry.s            0x00000000   Number         0  entry10a.o ABSOLUTE
    ../clib/microlib/init/entry.s            0x00000000   Number         0  entry9b.o ABSOLUTE
    ../clib/microlib/init/entry.s            0x00000000   Number         0  entry9a.o ABSOLUTE
    ../clib/microlib/init/entry.s            0x00000000   Number         0  entry8b.o ABSOLUTE
    ../clib/microlib/init/entry.s            0x00000000   Number         0  entry.o ABSOLUTE
    ../clib/microlib/init/entry.s            0x00000000   Number         0  entry7a.o ABSOLUTE
    ../clib/microlib/init/entry.s            0x00000000   Number         0  entry2.o ABSOLUTE
    ../clib/microlib/init/entry.s            0x00000000   Number         0  entry11b.o ABSOLUTE
    ../clib/microlib/init/entry.s            0x00000000   Number         0  entry5.o ABSOLUTE
    ../clib/microlib/init/entry.s            0x00000000   Number         0  entry11a.o ABSOLUTE
    ../clib/microlib/init/entry.s            0x00000000   Number         0  entry10b.o ABSOLUTE
    ../clib/microlib/longlong.c              0x00000000   Number         0  llshl.o ABSOLUTE
    ../clib/microlib/longlong.c              0x00000000   Number         0  llushr.o ABSOLUTE
    ../clib/microlib/longlong.c              0x00000000   Number         0  llsshr.o ABSOLUTE
    ../clib/microlib/printf/printf.c         0x00000000   Number         0  printf2.o ABSOLUTE
    ../clib/microlib/printf/printf.c         0x00000000   Number         0  printf1.o ABSOLUTE
    ../clib/microlib/printf/printf.c         0x00000000   Number         0  printf0.o ABSOLUTE
    ../clib/microlib/printf/printf.c         0x00000000   Number         0  printfb.o ABSOLUTE
    ../clib/microlib/printf/printf.c         0x00000000   Number         0  printfa.o ABSOLUTE
    ../clib/microlib/printf/printf.c         0x00000000   Number         0  printf8.o ABSOLUTE
    ../clib/microlib/printf/printf.c         0x00000000   Number         0  printf7.o ABSOLUTE
    ../clib/microlib/printf/printf.c         0x00000000   Number         0  printf6.o ABSOLUTE
    ../clib/microlib/printf/printf.c         0x00000000   Number         0  printf5.o ABSOLUTE
    ../clib/microlib/printf/printf.c         0x00000000   Number         0  printf4.o ABSOLUTE
    ../clib/microlib/printf/printf.c         0x00000000   Number         0  printf3.o ABSOLUTE
    ../clib/microlib/printf/stubs.s          0x00000000   Number         0  stubs.o ABSOLUTE
    ../clib/microlib/stdio/fputc.c           0x00000000   Number         0  fputc.o ABSOLUTE
    ../clib/microlib/stdio/semi.s            0x00000000   Number         0  semi.o ABSOLUTE
    ../clib/microlib/stdio/streams.c         0x00000000   Number         0  stdout.o ABSOLUTE
    ../clib/microlib/string/memcpy.c         0x00000000   Number         0  memcpyb.o ABSOLUTE
    ../clib/microlib/string/memcpy.c         0x00000000   Number         0  memcpya.o ABSOLUTE
    ../clib/microlib/string/memset.c         0x00000000   Number         0  memseta.o ABSOLUTE
    ../clib/microlib/stubs.s                 0x00000000   Number         0  iusefp.o ABSOLUTE
    ../clib/microlib/stubs.s                 0x00000000   Number         0  iusesemip.o ABSOLUTE
    ../fplib/microlib/fpadd.c                0x00000000   Number         0  dadd.o ABSOLUTE
    ../fplib/microlib/fpdiv.c                0x00000000   Number         0  ddiv.o ABSOLUTE
    ../fplib/microlib/fpepilogue.c           0x00000000   Number         0  depilogue.o ABSOLUTE
    ../fplib/microlib/fpfix.c                0x00000000   Number         0  dfixul.o ABSOLUTE
    ../fplib/microlib/fpmul.c                0x00000000   Number         0  dmul.o ABSOLUTE
    C:\Keil_v5\ARM\PACK\Keil\STM32F1xx_DFP\2.0.0\Device\StdPeriph_Driver\src\misc.c 0x00000000   Number         0  misc.o ABSOLUTE
    C:\Keil_v5\ARM\PACK\Keil\STM32F1xx_DFP\2.0.0\Device\StdPeriph_Driver\src\stm32f10x_adc.c 0x00000000   Number         0  stm32f10x_adc.o ABSOLUTE
    C:\Keil_v5\ARM\PACK\Keil\STM32F1xx_DFP\2.0.0\Device\StdPeriph_Driver\src\stm32f10x_exti.c 0x00000000   Number         0  stm32f10x_exti.o ABSOLUTE
    C:\Keil_v5\ARM\PACK\Keil\STM32F1xx_DFP\2.0.0\Device\StdPeriph_Driver\src\stm32f10x_gpio.c 0x00000000   Number         0  stm32f10x_gpio.o ABSOLUTE
    C:\Keil_v5\ARM\PACK\Keil\STM32F1xx_DFP\2.0.0\Device\StdPeriph_Driver\src\stm32f10x_rcc.c 0x00000000   Number         0  stm32f10x_rcc.o ABSOLUTE
    C:\Keil_v5\ARM\PACK\Keil\STM32F1xx_DFP\2.0.0\Device\StdPeriph_Driver\src\stm32f10x_spi.c 0x00000000   Number         0  stm32f10x_spi.o ABSOLUTE
    C:\Keil_v5\ARM\PACK\Keil\STM32F1xx_DFP\2.0.0\Device\StdPeriph_Driver\src\stm32f10x_usart.c 0x00000000   Number         0  stm32f10x_usart.o ABSOLUTE
    C:\\Keil_v5\\ARM\\PACK\\Keil\\STM32F1xx_DFP\\2.0.0\\Device\\StdPeriph_Driver\\src\\misc.c 0x00000000   Number         0  misc.o ABSOLUTE
    C:\\Keil_v5\\ARM\\PACK\\Keil\\STM32F1xx_DFP\\2.0.0\\Device\\StdPeriph_Driver\\src\\stm32f10x_adc.c 0x00000000   Number         0  stm32f10x_adc.o ABSOLUTE
    C:\\Keil_v5\\ARM\\PACK\\Keil\\STM32F1xx_DFP\\2.0.0\\Device\\StdPeriph_Driver\\src\\stm32f10x_exti.c 0x00000000   Number         0  stm32f10x_exti.o ABSOLUTE
    C:\\Keil_v5\\ARM\\PACK\\Keil\\STM32F1xx_DFP\\2.0.0\\Device\\StdPeriph_Driver\\src\\stm32f10x_gpio.c 0x00000000   Number         0  stm32f10x_gpio.o ABSOLUTE
    C:\\Keil_v5\\ARM\\PACK\\Keil\\STM32F1xx_DFP\\2.0.0\\Device\\StdPeriph_Driver\\src\\stm32f10x_rcc.c 0x00000000   Number         0  stm32f10x_rcc.o ABSOLUTE
    C:\\Keil_v5\\ARM\\PACK\\Keil\\STM32F1xx_DFP\\2.0.0\\Device\\StdPeriph_Driver\\src\\stm32f10x_spi.c 0x00000000   Number         0  stm32f10x_spi.o ABSOLUTE
    C:\\Keil_v5\\ARM\\PACK\\Keil\\STM32F1xx_DFP\\2.0.0\\Device\\StdPeriph_Driver\\src\\stm32f10x_usart.c 0x00000000   Number         0  stm32f10x_usart.o ABSOLUTE
    FSV9563.C                                0x00000000   Number         0  fsv9563.o ABSOLUTE
    FSV9563.C                                0x00000000   Number         0  fsv9563.o ABSOLUTE
    RFID_Compat.c                            0x00000000   Number         0  rfid_compat.o ABSOLUTE
    RFID_Compat.c                            0x00000000   Number         0  rfid_compat.o ABSOLUTE
    RTE\Device\STM32F103C8\startup_stm32f10x_md.s 0x00000000   Number         0  startup_stm32f10x_md.o ABSOLUTE
    RTE\Device\STM32F103C8\system_stm32f10x.c 0x00000000   Number         0  system_stm32f10x.o ABSOLUTE
    RTE\\Device\\STM32F103C8\\system_stm32f10x.c 0x00000000   Number         0  system_stm32f10x.o ABSOLUTE
    cdrcmple.s                               0x00000000   Number         0  cdrcmple.o ABSOLUTE
    dc.s                                     0x00000000   Number         0  dc.o ABSOLUTE
    handlers.s                               0x00000000   Number         0  handlers.o ABSOLUTE
    init.s                                   0x00000000   Number         0  init.o ABSOLUTE
    main.c                                   0x00000000   Number         0  main.o ABSOLUTE
    main.c                                   0x00000000   Number         0  main.o ABSOLUTE
    stm32f10x_it.c                           0x00000000   Number         0  stm32f10x_it.o ABSOLUTE
    stm32f10x_it.c                           0x00000000   Number         0  stm32f10x_it.o ABSOLUTE
    RESET                                    0x08000000   Section      236  startup_stm32f10x_md.o(RESET)
    .ARM.Collect$$$$00000000                 0x080000ec   Section        0  entry.o(.ARM.Collect$$$$00000000)
    .ARM.Collect$$$$00000001                 0x080000ec   Section        4  entry2.o(.ARM.Collect$$$$00000001)
    .ARM.Collect$$$$00000004                 0x080000f0   Section        4  entry5.o(.ARM.Collect$$$$00000004)
    .ARM.Collect$$$$00000008                 0x080000f4   Section        0  entry7b.o(.ARM.Collect$$$$00000008)
    .ARM.Collect$$$$0000000A                 0x080000f4   Section        0  entry8b.o(.ARM.Collect$$$$0000000A)
    .ARM.Collect$$$$0000000B                 0x080000f4   Section        8  entry9a.o(.ARM.Collect$$$$0000000B)
    .ARM.Collect$$$$0000000D                 0x080000fc   Section        0  entry10a.o(.ARM.Collect$$$$0000000D)
    .ARM.Collect$$$$0000000F                 0x080000fc   Section        0  entry11a.o(.ARM.Collect$$$$0000000F)
    .ARM.Collect$$$$00002712                 0x080000fc   Section        4  entry2.o(.ARM.Collect$$$$00002712)
    __lit__00000000                          0x080000fc   Data           4  entry2.o(.ARM.Collect$$$$00002712)
    .text                                    0x08000100   Section       36  startup_stm32f10x_md.o(.text)
    .text                                    0x08000124   Section        0  memcpya.o(.text)
    .text                                    0x08000148   Section        0  memseta.o(.text)
    .text                                    0x0800016c   Section        0  uldiv.o(.text)
    .text                                    0x080001d0   Section       36  init.o(.text)
    .text                                    0x080001f4   Section        0  semi.o(.text)
    .text                                    0x080001f4   Section        0  llshl.o(.text)
    .text                                    0x08000212   Section        0  llushr.o(.text)
    .text                                    0x08000232   Section        0  iusesemip.o(.text)
    i.ADC_Cmd                                0x08000232   Section        0  stm32f10x_adc.o(i.ADC_Cmd)
    i.ADC_Init                               0x08000248   Section        0  stm32f10x_adc.o(i.ADC_Init)
    i.BusFault_Handler                       0x08000290   Section        0  stm32f10x_it.o(i.BusFault_Handler)
    i.ComputeCrc_B                           0x08000292   Section        0  fsv9563.o(i.ComputeCrc_B)
    i.DebugMon_Handler                       0x080002c6   Section        0  stm32f10x_it.o(i.DebugMon_Handler)
    i.EXTI15_10_IRQHandler                   0x080002c8   Section        0  stm32f10x_it.o(i.EXTI15_10_IRQHandler)
    i.EXTI_ClearITPendingBit                 0x080002f0   Section        0  stm32f10x_exti.o(i.EXTI_ClearITPendingBit)
    i.EXTI_GetITStatus                       0x080002fc   Section        0  stm32f10x_exti.o(i.EXTI_GetITStatus)
    i.EXTI_Init                              0x0800031c   Section        0  stm32f10x_exti.o(i.EXTI_Init)
    i.FSV9563_CMD_LoadKey                    0x0800038c   Section        0  fsv9563.o(i.FSV9563_CMD_LoadKey)
    i.FSV9563_CMD_LoadProtocol               0x080003b0   Section        0  fsv9563.o(i.FSV9563_CMD_LoadProtocol)
    i.FSV9563_CMD_MfcAuthenticate            0x080003d2   Section        0  fsv9563.o(i.FSV9563_CMD_MfcAuthenticate)
    i.FSV9563_ClearBitMask                   0x0800040c   Section        0  fsv9563.o(i.FSV9563_ClearBitMask)
    i.FSV9563_Command_Int                    0x08000424   Section        0  fsv9563.o(i.FSV9563_Command_Int)
    i.FSV9563_Init                           0x08000504   Section        0  fsv9563.o(i.FSV9563_Init)
    i.FSV9563_PcdActivateA                   0x080006f8   Section        0  fsv9563.o(i.FSV9563_PcdActivateA)
    i.FSV9563_PcdAnticollA                   0x0800079e   Section        0  fsv9563.o(i.FSV9563_PcdAnticollA)
    i.FSV9563_PcdAttribB                     0x080008ce   Section        0  fsv9563.o(i.FSV9563_PcdAttribB)
    i.FSV9563_PcdComTransceive               0x08000926   Section        0  fsv9563.o(i.FSV9563_PcdComTransceive)
    i.FSV9563_PcdConfigISOType               0x08000a6c   Section        0  fsv9563.o(i.FSV9563_PcdConfigISOType)
    i.FSV9563_PcdGetUidB                     0x08000d64   Section        0  fsv9563.o(i.FSV9563_PcdGetUidB)
    i.FSV9563_PcdJewel                       0x08000dba   Section        0  fsv9563.o(i.FSV9563_PcdJewel)
    i.FSV9563_PcdJewelCommand                0x08000dce   Section        0  fsv9563.o(i.FSV9563_PcdJewelCommand)
    i.FSV9563_PcdMfcRead                     0x08000e94   Section        0  fsv9563.o(i.FSV9563_PcdMfcRead)
    i.FSV9563_PcdMfcWrite                    0x08000ef0   Section        0  fsv9563.o(i.FSV9563_PcdMfcWrite)
    i.FSV9563_PcdMfulRead                    0x08000f9a   Section        0  fsv9563.o(i.FSV9563_PcdMfulRead)
    i.FSV9563_PcdReadA                       0x08000ff8   Section        0  fsv9563.o(i.FSV9563_PcdReadA)
    i.FSV9563_PcdRequestB                    0x08001028   Section        0  fsv9563.o(i.FSV9563_PcdRequestB)
    i.FSV9563_PcdRidA                        0x080010ec   Section        0  fsv9563.o(i.FSV9563_PcdRidA)
    i.FSV9563_PcdSelectA                     0x08001124   Section        0  fsv9563.o(i.FSV9563_PcdSelectA)
    i.FSV9563_PcdWakeUpA                     0x0800119c   Section        0  fsv9563.o(i.FSV9563_PcdWakeUpA)
    i.FSV9563_RatsA                          0x08001264   Section        0  fsv9563.o(i.FSV9563_RatsA)
    i.FSV9563_ReadReg                        0x080012a8   Section        0  fsv9563.o(i.FSV9563_ReadReg)
    i.FSV9563_SPIWriteByte                   0x080012e4   Section        0  fsv9563.o(i.FSV9563_SPIWriteByte)
    i.FSV9563_SetBitMask                     0x08001304   Section        0  fsv9563.o(i.FSV9563_SetBitMask)
    i.FSV9563_SetRawRC                       0x0800131c   Section        0  fsv9563.o(i.FSV9563_SetRawRC)
    i.FSV9563_SingleChannel_Read             0x08001338   Section        0  fsv9563.o(i.FSV9563_SingleChannel_Read)
    i.FSV9563_Switch_Channel                 0x080015b4   Section        0  fsv9563.o(i.FSV9563_Switch_Channel)
    i.FSV9563_WriteReg                       0x08001604   Section        0  fsv9563.o(i.FSV9563_WriteReg)
    i.GPIO_EXTILineConfig                    0x08001640   Section        0  stm32f10x_gpio.o(i.GPIO_EXTILineConfig)
    i.GPIO_Init                              0x08001668   Section        0  stm32f10x_gpio.o(i.GPIO_Init)
    i.GPIO_PinRemapConfig                    0x08001704   Section        0  stm32f10x_gpio.o(i.GPIO_PinRemapConfig)
    i.GPIO_ResetBits                         0x0800175c   Section        0  stm32f10x_gpio.o(i.GPIO_ResetBits)
    i.GPIO_SetBits                           0x08001760   Section        0  stm32f10x_gpio.o(i.GPIO_SetBits)
    i.GPIO_WriteBit                          0x08001764   Section        0  stm32f10x_gpio.o(i.GPIO_WriteBit)
    i.Get_Module_Ch                          0x0800176e   Section        0  rfid_compat.o(i.Get_Module_Ch)
    i.Get_RFIDCheck                          0x0800179e   Section        0  rfid_compat.o(i.Get_RFIDCheck)
    i.HardFault_Handler                      0x080017bc   Section        0  stm32f10x_it.o(i.HardFault_Handler)
    i.MemManage_Handler                      0x080017be   Section        0  stm32f10x_it.o(i.MemManage_Handler)
    i.NMI_Handler                            0x080017c0   Section        0  stm32f10x_it.o(i.NMI_Handler)
    i.NVIC_Init                              0x080017c4   Section        0  misc.o(i.NVIC_Init)
    i.PendSV_Handler                         0x08001828   Section        0  stm32f10x_it.o(i.PendSV_Handler)
    i.RCC_APB1PeriphClockCmd                 0x0800182c   Section        0  stm32f10x_rcc.o(i.RCC_APB1PeriphClockCmd)
    i.RCC_APB2PeriphClockCmd                 0x08001844   Section        0  stm32f10x_rcc.o(i.RCC_APB2PeriphClockCmd)
    i.RCC_GetClocksFreq                      0x0800185c   Section        0  stm32f10x_rcc.o(i.RCC_GetClocksFreq)
    i.RFID_ActivateCard                      0x080018f0   Section        0  rfid_compat.o(i.RFID_ActivateCard)
    RFID_ActivateCard                        0x080018f1   Thumb Code    92  rfid_compat.o(i.RFID_ActivateCard)
    i.RFID_Cmd_AutoScan                      0x08001954   Section        0  rfid_compat.o(i.RFID_Cmd_AutoScan)
    i.RFID_Cmd_GetAddr                       0x08001a24   Section        0  rfid_compat.o(i.RFID_Cmd_GetAddr)
    i.RFID_Cmd_GetInfo                       0x08001a44   Section        0  rfid_compat.o(i.RFID_Cmd_GetInfo)
    i.RFID_Cmd_ReadBlock                     0x08001a8c   Section        0  rfid_compat.o(i.RFID_Cmd_ReadBlock)
    i.RFID_Cmd_ReadSector                    0x08001b20   Section        0  rfid_compat.o(i.RFID_Cmd_ReadSector)
    i.RFID_Cmd_SelectChannel                 0x08001bbc   Section        0  rfid_compat.o(i.RFID_Cmd_SelectChannel)
    i.RFID_Cmd_SetAddr                       0x08001c08   Section        0  rfid_compat.o(i.RFID_Cmd_SetAddr)
    i.RFID_Cmd_WriteBlock                    0x08001c38   Section        0  rfid_compat.o(i.RFID_Cmd_WriteBlock)
    i.RFID_Cmd_WriteReadTest                 0x08001cdc   Section        0  rfid_compat.o(i.RFID_Cmd_WriteReadTest)
    RFID_Cmd_WriteReadTest                   0x08001cdd   Thumb Code   378  rfid_compat.o(i.RFID_Cmd_WriteReadTest)
    i.RFID_Cmd_WriteSector                   0x08001e5c   Section        0  rfid_compat.o(i.RFID_Cmd_WriteSector)
    i.RFID_Compat_Init                       0x08001f00   Section        0  rfid_compat.o(i.RFID_Compat_Init)
    i.RFID_ProcessCommand                    0x08001f10   Section        0  rfid_compat.o(i.RFID_ProcessCommand)
    i.RFID_RespondAnalysis                   0x08001fb4   Section        0  rfid_compat.o(i.RFID_RespondAnalysis)
    i.RFID_SendResponse                      0x08002028   Section        0  rfid_compat.o(i.RFID_SendResponse)
    i.RFID_Switch_Channel                    0x08002094   Section        0  rfid_compat.o(i.RFID_Switch_Channel)
    i.RFID_Var_Init                          0x080020e4   Section        0  rfid_compat.o(i.RFID_Var_Init)
    i.SPI_Cmd                                0x08002108   Section        0  stm32f10x_spi.o(i.SPI_Cmd)
    i.SPI_Init                               0x0800211c   Section        0  stm32f10x_spi.o(i.SPI_Init)
    i.SVC_Handler                            0x08002154   Section        0  stm32f10x_it.o(i.SVC_Handler)
    i.SetSysClockTo72                        0x08002158   Section        0  system_stm32f10x.o(i.SetSysClockTo72)
    SetSysClockTo72                          0x08002159   Thumb Code   160  system_stm32f10x.o(i.SetSysClockTo72)
    i.SysTick_Handler                        0x08002200   Section        0  stm32f10x_it.o(i.SysTick_Handler)
    i.SystemInit                             0x08002204   Section        0  system_stm32f10x.o(i.SystemInit)
    i.System_Init                            0x08002254   Section        0  main.o(i.System_Init)
    i.USART1_IRQHandler                      0x08002308   Section        0  main.o(i.USART1_IRQHandler)
    i.USART_ClearFlag                        0x08002358   Section        0  stm32f10x_usart.o(i.USART_ClearFlag)
    i.USART_ClearITPendingBit                0x0800235e   Section        0  stm32f10x_usart.o(i.USART_ClearITPendingBit)
    i.USART_Cmd                              0x0800236a   Section        0  stm32f10x_usart.o(i.USART_Cmd)
    i.USART_GetITStatus                      0x0800237e   Section        0  stm32f10x_usart.o(i.USART_GetITStatus)
    i.USART_ITConfig                         0x080023bc   Section        0  stm32f10x_usart.o(i.USART_ITConfig)
    i.USART_Init                             0x080023ec   Section        0  stm32f10x_usart.o(i.USART_Init)
    i.USART_ReceiveData                      0x08002498   Section        0  stm32f10x_usart.o(i.USART_ReceiveData)
    i.USART_SendData                         0x080024a0   Section        0  stm32f10x_usart.o(i.USART_SendData)
    i.UpdateCrc_B                            0x080024a8   Section        0  fsv9563.o(i.UpdateCrc_B)
    i.UsageFault_Handler                     0x080024c6   Section        0  stm32f10x_it.o(i.UsageFault_Handler)
    i.__0printf$8                            0x080024c8   Section        0  printf8.o(i.__0printf$8)
    i.__scatterload_copy                     0x080024e8   Section       14  handlers.o(i.__scatterload_copy)
    i.__scatterload_null                     0x080024f6   Section        2  handlers.o(i.__scatterload_null)
    i.__scatterload_zeroinit                 0x080024f8   Section       14  handlers.o(i.__scatterload_zeroinit)
    i._printf_core                           0x08002508   Section        0  printf8.o(i._printf_core)
    _printf_core                             0x08002509   Thumb Code   996  printf8.o(i._printf_core)
    i._printf_post_padding                   0x08002918   Section        0  printf8.o(i._printf_post_padding)
    _printf_post_padding                     0x08002919   Thumb Code    36  printf8.o(i._printf_post_padding)
    i._printf_pre_padding                    0x0800293c   Section        0  printf8.o(i._printf_pre_padding)
    _printf_pre_padding                      0x0800293d   Thumb Code    46  printf8.o(i._printf_pre_padding)
    i.delay_init                             0x0800296c   Section        0  fsv9563.o(i.delay_init)
    i.delay_ms                               0x08002998   Section        0  fsv9563.o(i.delay_ms)
    i.delay_ns                               0x080029c4   Section        0  fsv9563.o(i.delay_ns)
    i.fputc                                  0x080029d6   Section        0  fputc.o(i.fputc)
    i.main                                   0x080029e8   Section        0  main.o(i.main)
    .constdata                               0x08002a1c   Section       50  fsv9563.o(.constdata)
    .constdata                               0x08002a4e   Section       24  rfid_compat.o(.constdata)
    .data                                    0x20000000   Section        2  main.o(.data)
    .data                                    0x20000002   Section        1  stm32f10x_it.o(.data)
    .data                                    0x20000004   Section       48  fsv9563.o(.data)
    fac_us                                   0x20000004   Data           1  fsv9563.o(.data)
    fac_ms                                   0x20000006   Data           2  fsv9563.o(.data)
    KEY                                      0x20000028   Data           6  fsv9563.o(.data)
    KEY                                      0x2000002e   Data           6  fsv9563.o(.data)
    .data                                    0x20000034   Section       13  rfid_compat.o(.data)
    S_RFID_ModuleAdr                         0x20000034   Data           1  rfid_compat.o(.data)
    UART_RxLen                               0x20000038   Data           1  rfid_compat.o(.data)
    UART_RxState                             0x20000039   Data           1  rfid_compat.o(.data)
    UART_FrameLen                            0x2000003a   Data           1  rfid_compat.o(.data)
    DEFAULT_RFID_PWS                         0x2000003b   Data           6  rfid_compat.o(.data)
    .data                                    0x20000041   Section       20  stm32f10x_rcc.o(.data)
    ADCPrescTable                            0x20000041   Data           4  stm32f10x_rcc.o(.data)
    APBAHBPrescTable                         0x20000045   Data          16  stm32f10x_rcc.o(.data)
    .data                                    0x20000058   Section        4  stdout.o(.data)
    .bss                                     0x2000005c   Section      128  main.o(.bss)
    .bss                                     0x200000dc   Section       64  rfid_compat.o(.bss)
    UART_RxBuf                               0x200000dc   Data          64  rfid_compat.o(.bss)
    STACK                                    0x20000120   Section     1024  startup_stm32f10x_md.o(STACK)

    Global Symbols

    Symbol Name                              Value     Ov Type        Size  Object(Section)

    BuildAttributes$$THM_ISAv4$P$D$K$B$S$PE$A:L22UL41UL21$X:L11$S22US41US21$IEEE1$IW$USESV6$~STKCKD$USESV7$~SHL$OSPACE$ROPI$EBA8$MICROLIB$REQ8$PRES8$EABIv2 0x00000000   Number         0  anon$$obj.o ABSOLUTE
    __ARM_use_no_argv                        0x00000000   Number         0  main.o ABSOLUTE
    _printf_a                                0x00000000   Number         0  stubs.o ABSOLUTE
    _printf_c                                0x00000000   Number         0  stubs.o ABSOLUTE
    _printf_charcount                        0x00000000   Number         0  stubs.o ABSOLUTE
    _printf_d                                0x00000000   Number         0  stubs.o ABSOLUTE
    _printf_e                                0x00000000   Number         0  stubs.o ABSOLUTE
    _printf_f                                0x00000000   Number         0  stubs.o ABSOLUTE
    _printf_flags                            0x00000000   Number         0  stubs.o ABSOLUTE
    _printf_fp_dec                           0x00000000   Number         0  stubs.o ABSOLUTE
    _printf_fp_hex                           0x00000000   Number         0  stubs.o ABSOLUTE
    _printf_g                                0x00000000   Number         0  stubs.o ABSOLUTE
    _printf_i                                0x00000000   Number         0  stubs.o ABSOLUTE
    _printf_int_dec                          0x00000000   Number         0  stubs.o ABSOLUTE
    _printf_l                                0x00000000   Number         0  stubs.o ABSOLUTE
    _printf_lc                               0x00000000   Number         0  stubs.o ABSOLUTE
    _printf_ll                               0x00000000   Number         0  stubs.o ABSOLUTE
    _printf_lld                              0x00000000   Number         0  stubs.o ABSOLUTE
    _printf_lli                              0x00000000   Number         0  stubs.o ABSOLUTE
    _printf_llo                              0x00000000   Number         0  stubs.o ABSOLUTE
    _printf_llu                              0x00000000   Number         0  stubs.o ABSOLUTE
    _printf_llx                              0x00000000   Number         0  stubs.o ABSOLUTE
    _printf_longlong_dec                     0x00000000   Number         0  stubs.o ABSOLUTE
    _printf_longlong_hex                     0x00000000   Number         0  stubs.o ABSOLUTE
    _printf_longlong_oct                     0x00000000   Number         0  stubs.o ABSOLUTE
    _printf_ls                               0x00000000   Number         0  stubs.o ABSOLUTE
    _printf_mbtowc                           0x00000000   Number         0  stubs.o ABSOLUTE
    _printf_n                                0x00000000   Number         0  stubs.o ABSOLUTE
    _printf_o                                0x00000000   Number         0  stubs.o ABSOLUTE
    _printf_p                                0x00000000   Number         0  stubs.o ABSOLUTE
    _printf_percent                          0x00000000   Number         0  stubs.o ABSOLUTE
    _printf_pre_padding                      0x00000000   Number         0  stubs.o ABSOLUTE
    _printf_return_value                     0x00000000   Number         0  stubs.o ABSOLUTE
    _printf_s                                0x00000000   Number         0  stubs.o ABSOLUTE
    _printf_sizespec                         0x00000000   Number         0  stubs.o ABSOLUTE
    _printf_str                              0x00000000   Number         0  stubs.o ABSOLUTE
    _printf_truncate_signed                  0x00000000   Number         0  stubs.o ABSOLUTE
    _printf_truncate_unsigned                0x00000000   Number         0  stubs.o ABSOLUTE
    _printf_u                                0x00000000   Number         0  stubs.o ABSOLUTE
    _printf_wc                               0x00000000   Number         0  stubs.o ABSOLUTE
    _printf_wctomb                           0x00000000   Number         0  stubs.o ABSOLUTE
    _printf_widthprec                        0x00000000   Number         0  stubs.o ABSOLUTE
    _printf_x                                0x00000000   Number         0  stubs.o ABSOLUTE
    __cpp_initialize__aeabi_                  - Undefined Weak Reference
    __cxa_finalize                            - Undefined Weak Reference
    __decompress                              - Undefined Weak Reference
    _clock_init                               - Undefined Weak Reference
    _microlib_exit                            - Undefined Weak Reference
    __Vectors_Size                           0x000000ec   Number         0  startup_stm32f10x_md.o ABSOLUTE
    __Vectors                                0x08000000   Data           4  startup_stm32f10x_md.o(RESET)
    __Vectors_End                            0x080000ec   Data           0  startup_stm32f10x_md.o(RESET)
    __main                                   0x080000ed   Thumb Code     0  entry.o(.ARM.Collect$$$$00000000)
    _main_stk                                0x080000ed   Thumb Code     0  entry2.o(.ARM.Collect$$$$00000001)
    _main_scatterload                        0x080000f1   Thumb Code     0  entry5.o(.ARM.Collect$$$$00000004)
    __main_after_scatterload                 0x080000f5   Thumb Code     0  entry5.o(.ARM.Collect$$$$00000004)
    _main_clock                              0x080000f5   Thumb Code     0  entry7b.o(.ARM.Collect$$$$00000008)
    _main_cpp_init                           0x080000f5   Thumb Code     0  entry8b.o(.ARM.Collect$$$$0000000A)
    _main_init                               0x080000f5   Thumb Code     0  entry9a.o(.ARM.Collect$$$$0000000B)
    __rt_final_cpp                           0x080000fd   Thumb Code     0  entry10a.o(.ARM.Collect$$$$0000000D)
    __rt_final_exit                          0x080000fd   Thumb Code     0  entry11a.o(.ARM.Collect$$$$0000000F)
    Reset_Handler                            0x08000101   Thumb Code     8  startup_stm32f10x_md.o(.text)
    ADC1_2_IRQHandler                        0x0800011b   Thumb Code     0  startup_stm32f10x_md.o(.text)
    CAN1_RX1_IRQHandler                      0x0800011b   Thumb Code     0  startup_stm32f10x_md.o(.text)
    CAN1_SCE_IRQHandler                      0x0800011b   Thumb Code     0  startup_stm32f10x_md.o(.text)
    DMA1_Channel1_IRQHandler                 0x0800011b   Thumb Code     0  startup_stm32f10x_md.o(.text)
    DMA1_Channel2_IRQHandler                 0x0800011b   Thumb Code     0  startup_stm32f10x_md.o(.text)
    DMA1_Channel3_IRQHandler                 0x0800011b   Thumb Code     0  startup_stm32f10x_md.o(.text)
    DMA1_Channel4_IRQHandler                 0x0800011b   Thumb Code     0  startup_stm32f10x_md.o(.text)
    DMA1_Channel5_IRQHandler                 0x0800011b   Thumb Code     0  startup_stm32f10x_md.o(.text)
    DMA1_Channel6_IRQHandler                 0x0800011b   Thumb Code     0  startup_stm32f10x_md.o(.text)
    DMA1_Channel7_IRQHandler                 0x0800011b   Thumb Code     0  startup_stm32f10x_md.o(.text)
    EXTI0_IRQHandler                         0x0800011b   Thumb Code     0  startup_stm32f10x_md.o(.text)
    EXTI1_IRQHandler                         0x0800011b   Thumb Code     0  startup_stm32f10x_md.o(.text)
    EXTI2_IRQHandler                         0x0800011b   Thumb Code     0  startup_stm32f10x_md.o(.text)
    EXTI3_IRQHandler                         0x0800011b   Thumb Code     0  startup_stm32f10x_md.o(.text)
    EXTI4_IRQHandler                         0x0800011b   Thumb Code     0  startup_stm32f10x_md.o(.text)
    EXTI9_5_IRQHandler                       0x0800011b   Thumb Code     0  startup_stm32f10x_md.o(.text)
    FLASH_IRQHandler                         0x0800011b   Thumb Code     0  startup_stm32f10x_md.o(.text)
    I2C1_ER_IRQHandler                       0x0800011b   Thumb Code     0  startup_stm32f10x_md.o(.text)
    I2C1_EV_IRQHandler                       0x0800011b   Thumb Code     0  startup_stm32f10x_md.o(.text)
    I2C2_ER_IRQHandler                       0x0800011b   Thumb Code     0  startup_stm32f10x_md.o(.text)
    I2C2_EV_IRQHandler                       0x0800011b   Thumb Code     0  startup_stm32f10x_md.o(.text)
    PVD_IRQHandler                           0x0800011b   Thumb Code     0  startup_stm32f10x_md.o(.text)
    RCC_IRQHandler                           0x0800011b   Thumb Code     0  startup_stm32f10x_md.o(.text)
    RTCAlarm_IRQHandler                      0x0800011b   Thumb Code     0  startup_stm32f10x_md.o(.text)
    RTC_IRQHandler                           0x0800011b   Thumb Code     0  startup_stm32f10x_md.o(.text)
    SPI1_IRQHandler                          0x0800011b   Thumb Code     0  startup_stm32f10x_md.o(.text)
    SPI2_IRQHandler                          0x0800011b   Thumb Code     0  startup_stm32f10x_md.o(.text)
    TAMPER_IRQHandler                        0x0800011b   Thumb Code     0  startup_stm32f10x_md.o(.text)
    TIM1_BRK_IRQHandler                      0x0800011b   Thumb Code     0  startup_stm32f10x_md.o(.text)
    TIM1_CC_IRQHandler                       0x0800011b   Thumb Code     0  startup_stm32f10x_md.o(.text)
    TIM1_TRG_COM_IRQHandler                  0x0800011b   Thumb Code     0  startup_stm32f10x_md.o(.text)
    TIM1_UP_IRQHandler                       0x0800011b   Thumb Code     0  startup_stm32f10x_md.o(.text)
    TIM2_IRQHandler                          0x0800011b   Thumb Code     0  startup_stm32f10x_md.o(.text)
    TIM3_IRQHandler                          0x0800011b   Thumb Code     0  startup_stm32f10x_md.o(.text)
    TIM4_IRQHandler                          0x0800011b   Thumb Code     0  startup_stm32f10x_md.o(.text)
    USART2_IRQHandler                        0x0800011b   Thumb Code     0  startup_stm32f10x_md.o(.text)
    USART3_IRQHandler                        0x0800011b   Thumb Code     0  startup_stm32f10x_md.o(.text)
    USBWakeUp_IRQHandler                     0x0800011b   Thumb Code     0  startup_stm32f10x_md.o(.text)
    USB_HP_CAN1_TX_IRQHandler                0x0800011b   Thumb Code     0  startup_stm32f10x_md.o(.text)
    USB_LP_CAN1_RX0_IRQHandler               0x0800011b   Thumb Code     0  startup_stm32f10x_md.o(.text)
    WWDG_IRQHandler                          0x0800011b   Thumb Code     0  startup_stm32f10x_md.o(.text)
    __aeabi_memcpy                           0x08000125   Thumb Code    36  memcpya.o(.text)
    __aeabi_memcpy4                          0x08000125   Thumb Code     0  memcpya.o(.text)
    __aeabi_memcpy8                          0x08000125   Thumb Code     0  memcpya.o(.text)
    __aeabi_memset                           0x08000149   Thumb Code    14  memseta.o(.text)
    __aeabi_memset4                          0x08000149   Thumb Code     0  memseta.o(.text)
    __aeabi_memset8                          0x08000149   Thumb Code     0  memseta.o(.text)
    __aeabi_memclr                           0x08000157   Thumb Code     4  memseta.o(.text)
    __aeabi_memclr4                          0x08000157   Thumb Code     0  memseta.o(.text)
    __aeabi_memclr8                          0x08000157   Thumb Code     0  memseta.o(.text)
    _memset$wrapper                          0x0800015b   Thumb Code    18  memseta.o(.text)
    __aeabi_uldivmod                         0x0800016d   Thumb Code    98  uldiv.o(.text)
    __scatterload                            0x080001d1   Thumb Code    28  init.o(.text)
    __scatterload_rt2                        0x080001d1   Thumb Code     0  init.o(.text)
    __aeabi_llsl                             0x080001f5   Thumb Code    30  llshl.o(.text)
    __semihosting_library_function           0x080001f5   Thumb Code     0  semi.o(.text)
    _ll_shift_l                              0x080001f5   Thumb Code     0  llshl.o(.text)
    __aeabi_llsr                             0x08000213   Thumb Code    32  llushr.o(.text)
    _ll_ushift_r                             0x08000213   Thumb Code     0  llushr.o(.text)
    ADC_Cmd                                  0x08000233   Thumb Code    20  stm32f10x_adc.o(i.ADC_Cmd)
    __I$use$semihosting$fputc                0x08000233   Thumb Code     0  iusesemip.o(.text)
    ADC_Init                                 0x08000249   Thumb Code    62  stm32f10x_adc.o(i.ADC_Init)
    BusFault_Handler                         0x08000291   Thumb Code     2  stm32f10x_it.o(i.BusFault_Handler)
    ComputeCrc_B                             0x08000293   Thumb Code    52  fsv9563.o(i.ComputeCrc_B)
    DebugMon_Handler                         0x080002c7   Thumb Code     2  stm32f10x_it.o(i.DebugMon_Handler)
    EXTI15_10_IRQHandler                     0x080002c9   Thumb Code    34  stm32f10x_it.o(i.EXTI15_10_IRQHandler)
    EXTI_ClearITPendingBit                   0x080002f1   Thumb Code     6  stm32f10x_exti.o(i.EXTI_ClearITPendingBit)
    EXTI_GetITStatus                         0x080002fd   Thumb Code    28  stm32f10x_exti.o(i.EXTI_GetITStatus)
    EXTI_Init                                0x0800031d   Thumb Code   108  stm32f10x_exti.o(i.EXTI_Init)
    FSV9563_CMD_LoadKey                      0x0800038d   Thumb Code    36  fsv9563.o(i.FSV9563_CMD_LoadKey)
    FSV9563_CMD_LoadProtocol                 0x080003b1   Thumb Code    34  fsv9563.o(i.FSV9563_CMD_LoadProtocol)
    FSV9563_CMD_MfcAuthenticate              0x080003d3   Thumb Code    58  fsv9563.o(i.FSV9563_CMD_MfcAuthenticate)
    FSV9563_ClearBitMask                     0x0800040d   Thumb Code    24  fsv9563.o(i.FSV9563_ClearBitMask)
    FSV9563_Command_Int                      0x08000425   Thumb Code   214  fsv9563.o(i.FSV9563_Command_Int)
    FSV9563_Init                             0x08000505   Thumb Code   474  fsv9563.o(i.FSV9563_Init)
    FSV9563_PcdActivateA                     0x080006f9   Thumb Code   166  fsv9563.o(i.FSV9563_PcdActivateA)
    FSV9563_PcdAnticollA                     0x0800079f   Thumb Code   304  fsv9563.o(i.FSV9563_PcdAnticollA)
    FSV9563_PcdAttribB                       0x080008cf   Thumb Code    88  fsv9563.o(i.FSV9563_PcdAttribB)
    FSV9563_PcdComTransceive                 0x08000927   Thumb Code   326  fsv9563.o(i.FSV9563_PcdComTransceive)
    FSV9563_PcdConfigISOType                 0x08000a6d   Thumb Code   760  fsv9563.o(i.FSV9563_PcdConfigISOType)
    FSV9563_PcdGetUidB                       0x08000d65   Thumb Code    86  fsv9563.o(i.FSV9563_PcdGetUidB)
    FSV9563_PcdJewel                         0x08000dbb   Thumb Code    20  fsv9563.o(i.FSV9563_PcdJewel)
    FSV9563_PcdJewelCommand                  0x08000dcf   Thumb Code   198  fsv9563.o(i.FSV9563_PcdJewelCommand)
    FSV9563_PcdMfcRead                       0x08000e95   Thumb Code    92  fsv9563.o(i.FSV9563_PcdMfcRead)
    FSV9563_PcdMfcWrite                      0x08000ef1   Thumb Code   170  fsv9563.o(i.FSV9563_PcdMfcWrite)
    FSV9563_PcdMfulRead                      0x08000f9b   Thumb Code    92  fsv9563.o(i.FSV9563_PcdMfulRead)
    FSV9563_PcdReadA                         0x08000ff9   Thumb Code    44  fsv9563.o(i.FSV9563_PcdReadA)
    FSV9563_PcdRequestB                      0x08001029   Thumb Code   192  fsv9563.o(i.FSV9563_PcdRequestB)
    FSV9563_PcdRidA                          0x080010ed   Thumb Code    50  fsv9563.o(i.FSV9563_PcdRidA)
    FSV9563_PcdSelectA                       0x08001125   Thumb Code   118  fsv9563.o(i.FSV9563_PcdSelectA)
    FSV9563_PcdWakeUpA                       0x0800119d   Thumb Code   194  fsv9563.o(i.FSV9563_PcdWakeUpA)
    FSV9563_RatsA                            0x08001265   Thumb Code    66  fsv9563.o(i.FSV9563_RatsA)
    FSV9563_ReadReg                          0x080012a9   Thumb Code    56  fsv9563.o(i.FSV9563_ReadReg)
    FSV9563_SPIWriteByte                     0x080012e5   Thumb Code    26  fsv9563.o(i.FSV9563_SPIWriteByte)
    FSV9563_SetBitMask                       0x08001305   Thumb Code    24  fsv9563.o(i.FSV9563_SetBitMask)
    FSV9563_SetRawRC                         0x0800131d   Thumb Code    28  fsv9563.o(i.FSV9563_SetRawRC)
    FSV9563_SingleChannel_Read               0x08001339   Thumb Code   584  fsv9563.o(i.FSV9563_SingleChannel_Read)
    FSV9563_Switch_Channel                   0x080015b5   Thumb Code    66  fsv9563.o(i.FSV9563_Switch_Channel)
    FSV9563_WriteReg                         0x08001605   Thumb Code    54  fsv9563.o(i.FSV9563_WriteReg)
    GPIO_EXTILineConfig                      0x08001641   Thumb Code    34  stm32f10x_gpio.o(i.GPIO_EXTILineConfig)
    GPIO_Init                                0x08001669   Thumb Code   156  stm32f10x_gpio.o(i.GPIO_Init)
    GPIO_PinRemapConfig                      0x08001705   Thumb Code    82  stm32f10x_gpio.o(i.GPIO_PinRemapConfig)
    GPIO_ResetBits                           0x0800175d   Thumb Code     4  stm32f10x_gpio.o(i.GPIO_ResetBits)
    GPIO_SetBits                             0x08001761   Thumb Code     4  stm32f10x_gpio.o(i.GPIO_SetBits)
    GPIO_WriteBit                            0x08001765   Thumb Code    10  stm32f10x_gpio.o(i.GPIO_WriteBit)
    Get_Module_Ch                            0x0800176f   Thumb Code    48  rfid_compat.o(i.Get_Module_Ch)
    Get_RFIDCheck                            0x0800179f   Thumb Code    30  rfid_compat.o(i.Get_RFIDCheck)
    HardFault_Handler                        0x080017bd   Thumb Code     2  stm32f10x_it.o(i.HardFault_Handler)
    MemManage_Handler                        0x080017bf   Thumb Code     2  stm32f10x_it.o(i.MemManage_Handler)
    NMI_Handler                              0x080017c1   Thumb Code     2  stm32f10x_it.o(i.NMI_Handler)
    NVIC_Init                                0x080017c5   Thumb Code    94  misc.o(i.NVIC_Init)
    PendSV_Handler                           0x08001829   Thumb Code     2  stm32f10x_it.o(i.PendSV_Handler)
    RCC_APB1PeriphClockCmd                   0x0800182d   Thumb Code    18  stm32f10x_rcc.o(i.RCC_APB1PeriphClockCmd)
    RCC_APB2PeriphClockCmd                   0x08001845   Thumb Code    18  stm32f10x_rcc.o(i.RCC_APB2PeriphClockCmd)
    RCC_GetClocksFreq                        0x0800185d   Thumb Code   132  stm32f10x_rcc.o(i.RCC_GetClocksFreq)
    RFID_Cmd_AutoScan                        0x08001955   Thumb Code   194  rfid_compat.o(i.RFID_Cmd_AutoScan)
    RFID_Cmd_GetAddr                         0x08001a25   Thumb Code    26  rfid_compat.o(i.RFID_Cmd_GetAddr)
    RFID_Cmd_GetInfo                         0x08001a45   Thumb Code    36  rfid_compat.o(i.RFID_Cmd_GetInfo)
    RFID_Cmd_ReadBlock                       0x08001a8d   Thumb Code   144  rfid_compat.o(i.RFID_Cmd_ReadBlock)
    RFID_Cmd_ReadSector                      0x08001b21   Thumb Code   152  rfid_compat.o(i.RFID_Cmd_ReadSector)
    RFID_Cmd_SelectChannel                   0x08001bbd   Thumb Code    72  rfid_compat.o(i.RFID_Cmd_SelectChannel)
    RFID_Cmd_SetAddr                         0x08001c09   Thumb Code    44  rfid_compat.o(i.RFID_Cmd_SetAddr)
    RFID_Cmd_WriteBlock                      0x08001c39   Thumb Code   158  rfid_compat.o(i.RFID_Cmd_WriteBlock)
    RFID_Cmd_WriteSector                     0x08001e5d   Thumb Code   158  rfid_compat.o(i.RFID_Cmd_WriteSector)
    RFID_Compat_Init                         0x08001f01   Thumb Code    14  rfid_compat.o(i.RFID_Compat_Init)
    RFID_ProcessCommand                      0x08001f11   Thumb Code   158  rfid_compat.o(i.RFID_ProcessCommand)
    RFID_RespondAnalysis                     0x08001fb5   Thumb Code   106  rfid_compat.o(i.RFID_RespondAnalysis)
    RFID_SendResponse                        0x08002029   Thumb Code   104  rfid_compat.o(i.RFID_SendResponse)
    RFID_Switch_Channel                      0x08002095   Thumb Code    66  rfid_compat.o(i.RFID_Switch_Channel)
    RFID_Var_Init                            0x080020e5   Thumb Code    32  rfid_compat.o(i.RFID_Var_Init)
    SPI_Cmd                                  0x08002109   Thumb Code    20  stm32f10x_spi.o(i.SPI_Cmd)
    SPI_Init                                 0x0800211d   Thumb Code    56  stm32f10x_spi.o(i.SPI_Init)
    SVC_Handler                              0x08002155   Thumb Code     2  stm32f10x_it.o(i.SVC_Handler)
    SysTick_Handler                          0x08002201   Thumb Code     2  stm32f10x_it.o(i.SysTick_Handler)
    SystemInit                               0x08002205   Thumb Code    64  system_stm32f10x.o(i.SystemInit)
    System_Init                              0x08002255   Thumb Code   172  main.o(i.System_Init)
    USART1_IRQHandler                        0x08002309   Thumb Code    66  main.o(i.USART1_IRQHandler)
    USART_ClearFlag                          0x08002359   Thumb Code     6  stm32f10x_usart.o(i.USART_ClearFlag)
    USART_ClearITPendingBit                  0x0800235f   Thumb Code    12  stm32f10x_usart.o(i.USART_ClearITPendingBit)
    USART_Cmd                                0x0800236b   Thumb Code    20  stm32f10x_usart.o(i.USART_Cmd)
    USART_GetITStatus                        0x0800237f   Thumb Code    62  stm32f10x_usart.o(i.USART_GetITStatus)
    USART_ITConfig                           0x080023bd   Thumb Code    48  stm32f10x_usart.o(i.USART_ITConfig)
    USART_Init                               0x080023ed   Thumb Code   166  stm32f10x_usart.o(i.USART_Init)
    USART_ReceiveData                        0x08002499   Thumb Code     8  stm32f10x_usart.o(i.USART_ReceiveData)
    USART_SendData                           0x080024a1   Thumb Code     8  stm32f10x_usart.o(i.USART_SendData)
    UpdateCrc_B                              0x080024a9   Thumb Code    30  fsv9563.o(i.UpdateCrc_B)
    UsageFault_Handler                       0x080024c7   Thumb Code     2  stm32f10x_it.o(i.UsageFault_Handler)
    __0printf$8                              0x080024c9   Thumb Code    22  printf8.o(i.__0printf$8)
    __1printf$8                              0x080024c9   Thumb Code     0  printf8.o(i.__0printf$8)
    __2printf                                0x080024c9   Thumb Code     0  printf8.o(i.__0printf$8)
    __scatterload_copy                       0x080024e9   Thumb Code    14  handlers.o(i.__scatterload_copy)
    __scatterload_null                       0x080024f7   Thumb Code     2  handlers.o(i.__scatterload_null)
    __scatterload_zeroinit                   0x080024f9   Thumb Code    14  handlers.o(i.__scatterload_zeroinit)
    delay_init                               0x0800296d   Thumb Code    38  fsv9563.o(i.delay_init)
    delay_ms                                 0x08002999   Thumb Code    40  fsv9563.o(i.delay_ms)
    delay_ns                                 0x080029c5   Thumb Code    18  fsv9563.o(i.delay_ns)
    fputc                                    0x080029d7   Thumb Code    18  fputc.o(i.fputc)
    main                                     0x080029e9   Thumb Code    44  main.o(i.main)
    Channel_Table                            0x08002a4e   Data          24  rfid_compat.o(.constdata)
    Region$$Table$$Base                      0x08002a68   Number         0  anon$$obj.o(Region$$Table)
    Region$$Table$$Limit                     0x08002a88   Number         0  anon$$obj.o(Region$$Table)
    g_rxHead                                 0x20000000   Data           1  main.o(.data)
    g_rxTail                                 0x20000001   Data           1  main.o(.data)
    Status_INT                               0x20000002   Data           1  stm32f10x_it.o(.data)
    mode                                     0x20000005   Data           1  fsv9563.o(.data)
    nPollCount                               0x20000008   Data           2  fsv9563.o(.data)
    i                                        0x2000000c   Data           4  fsv9563.o(.data)
    j                                        0x20000010   Data           4  fsv9563.o(.data)
    c                                        0x20000014   Data           4  fsv9563.o(.data)
    parameter1                               0x20000018   Data           4  fsv9563.o(.data)
    parameter2                               0x2000001c   Data           4  fsv9563.o(.data)
    parameter3                               0x20000020   Data           4  fsv9563.o(.data)
    parameter4                               0x20000024   Data           4  fsv9563.o(.data)
    u8_RFIDBusy                              0x20000035   Data           1  rfid_compat.o(.data)
    u8_RFIDCurCmd                            0x20000036   Data           1  rfid_compat.o(.data)
    s_RFID_Signel_Ch                         0x20000037   Data           1  rfid_compat.o(.data)
    __stdout                                 0x20000058   Data           4  stdout.o(.data)
    g_rxBuf                                  0x2000005c   Data         128  main.o(.bss)
    __initial_sp                             0x20000520   Data           0  startup_stm32f10x_md.o(STACK)



==============================================================================

Memory Map of the image

  Image Entry point : 0x080000ed

  Load Region LR_IROM1 (Base: 0x08000000, Size: 0x00002ae4, Max: 0x00010000, ABSOLUTE)

    Execution Region ER_IROM1 (Exec base: 0x08000000, Load base: 0x08000000, Size: 0x00002a88, Max: 0x00010000, ABSOLUTE)

    Exec Addr    Load Addr    Size         Type   Attr      Idx    E Section Name        Object

    0x08000000   0x08000000   0x000000ec   Data   RO         1948    RESET               startup_stm32f10x_md.o
    0x080000ec   0x080000ec   0x00000000   Code   RO         1994  * .ARM.Collect$$$$00000000  mc_w.l(entry.o)
    0x080000ec   0x080000ec   0x00000004   Code   RO         2264    .ARM.Collect$$$$00000001  mc_w.l(entry2.o)
    0x080000f0   0x080000f0   0x00000004   Code   RO         2267    .ARM.Collect$$$$00000004  mc_w.l(entry5.o)
    0x080000f4   0x080000f4   0x00000000   Code   RO         2269    .ARM.Collect$$$$00000008  mc_w.l(entry7b.o)
    0x080000f4   0x080000f4   0x00000000   Code   RO         2271    .ARM.Collect$$$$0000000A  mc_w.l(entry8b.o)
    0x080000f4   0x080000f4   0x00000008   Code   RO         2272    .ARM.Collect$$$$0000000B  mc_w.l(entry9a.o)
    0x080000fc   0x080000fc   0x00000000   Code   RO         2274    .ARM.Collect$$$$0000000D  mc_w.l(entry10a.o)
    0x080000fc   0x080000fc   0x00000000   Code   RO         2276    .ARM.Collect$$$$0000000F  mc_w.l(entry11a.o)
    0x080000fc   0x080000fc   0x00000004   Code   RO         2265    .ARM.Collect$$$$00002712  mc_w.l(entry2.o)
    0x08000100   0x08000100   0x00000024   Code   RO         1949    .text               startup_stm32f10x_md.o
    0x08000124   0x08000124   0x00000024   Code   RO         1997    .text               mc_w.l(memcpya.o)
    0x08000148   0x08000148   0x00000024   Code   RO         1999    .text               mc_w.l(memseta.o)
    0x0800016c   0x0800016c   0x00000062   Code   RO         2283    .text               mc_w.l(uldiv.o)
    0x080001ce   0x080001ce   0x00000002   PAD
    0x080001d0   0x080001d0   0x00000024   Code   RO         2296    .text               mc_w.l(init.o)
    0x080001f4   0x080001f4   0x00000000   Code   RO         2298    .text               mc_w.l(semi.o)
    0x080001f4   0x080001f4   0x0000001e   Code   RO         2299    .text               mc_w.l(llshl.o)
    0x08000212   0x08000212   0x00000020   Code   RO         2301    .text               mc_w.l(llushr.o)
    0x08000232   0x08000232   0x00000000   Code   RO         2305    .text               mc_w.l(iusesemip.o)
    0x08000232   0x08000232   0x00000014   Code   RO          969    i.ADC_Cmd           stm32f10x_adc.o
    0x08000246   0x08000246   0x00000002   PAD
    0x08000248   0x08000248   0x00000048   Code   RO          987    i.ADC_Init          stm32f10x_adc.o
    0x08000290   0x08000290   0x00000002   Code   RO          103    i.BusFault_Handler  stm32f10x_it.o
    0x08000292   0x08000292   0x00000034   Code   RO          187    i.ComputeCrc_B      fsv9563.o
    0x080002c6   0x080002c6   0x00000002   Code   RO          104    i.DebugMon_Handler  stm32f10x_it.o
    0x080002c8   0x080002c8   0x00000028   Code   RO          105    i.EXTI15_10_IRQHandler  stm32f10x_it.o
    0x080002f0   0x080002f0   0x0000000c   Code   RO         1198    i.EXTI_ClearITPendingBit  stm32f10x_exti.o
    0x080002fc   0x080002fc   0x00000020   Code   RO         1202    i.EXTI_GetITStatus  stm32f10x_exti.o
    0x0800031c   0x0800031c   0x00000070   Code   RO         1203    i.EXTI_Init         stm32f10x_exti.o
    0x0800038c   0x0800038c   0x00000024   Code   RO          188    i.FSV9563_CMD_LoadKey  fsv9563.o
    0x080003b0   0x080003b0   0x00000022   Code   RO          189    i.FSV9563_CMD_LoadProtocol  fsv9563.o
    0x080003d2   0x080003d2   0x0000003a   Code   RO          191    i.FSV9563_CMD_MfcAuthenticate  fsv9563.o
    0x0800040c   0x0800040c   0x00000018   Code   RO          193    i.FSV9563_ClearBitMask  fsv9563.o
    0x08000424   0x08000424   0x000000e0   Code   RO          194    i.FSV9563_Command_Int  fsv9563.o
    0x08000504   0x08000504   0x000001f4   Code   RO          205    i.FSV9563_Init      fsv9563.o
    0x080006f8   0x080006f8   0x000000a6   Code   RO          218    i.FSV9563_PcdActivateA  fsv9563.o
    0x0800079e   0x0800079e   0x00000130   Code   RO          219    i.FSV9563_PcdAnticollA  fsv9563.o
    0x080008ce   0x080008ce   0x00000058   Code   RO          220    i.FSV9563_PcdAttribB  fsv9563.o
    0x08000926   0x08000926   0x00000146   Code   RO          223    i.FSV9563_PcdComTransceive  fsv9563.o
    0x08000a6c   0x08000a6c   0x000002f8   Code   RO          224    i.FSV9563_PcdConfigISOType  fsv9563.o
    0x08000d64   0x08000d64   0x00000056   Code   RO          225    i.FSV9563_PcdGetUidB  fsv9563.o
    0x08000dba   0x08000dba   0x00000014   Code   RO          228    i.FSV9563_PcdJewel  fsv9563.o
    0x08000dce   0x08000dce   0x000000c6   Code   RO          229    i.FSV9563_PcdJewelCommand  fsv9563.o
    0x08000e94   0x08000e94   0x0000005c   Code   RO          230    i.FSV9563_PcdMfcRead  fsv9563.o
    0x08000ef0   0x08000ef0   0x000000aa   Code   RO          231    i.FSV9563_PcdMfcWrite  fsv9563.o
    0x08000f9a   0x08000f9a   0x0000005c   Code   RO          232    i.FSV9563_PcdMfulRead  fsv9563.o
    0x08000ff6   0x08000ff6   0x00000002   PAD
    0x08000ff8   0x08000ff8   0x00000030   Code   RO          234    i.FSV9563_PcdReadA  fsv9563.o
    0x08001028   0x08001028   0x000000c4   Code   RO          237    i.FSV9563_PcdRequestB  fsv9563.o
    0x080010ec   0x080010ec   0x00000038   Code   RO          239    i.FSV9563_PcdRidA   fsv9563.o
    0x08001124   0x08001124   0x00000076   Code   RO          240    i.FSV9563_PcdSelectA  fsv9563.o
    0x0800119a   0x0800119a   0x00000002   PAD
    0x0800119c   0x0800119c   0x000000c8   Code   RO          241    i.FSV9563_PcdWakeUpA  fsv9563.o
    0x08001264   0x08001264   0x00000042   Code   RO          245    i.FSV9563_RatsA     fsv9563.o
    0x080012a6   0x080012a6   0x00000002   PAD
    0x080012a8   0x080012a8   0x0000003c   Code   RO          246    i.FSV9563_ReadReg   fsv9563.o
    0x080012e4   0x080012e4   0x00000020   Code   RO          249    i.FSV9563_SPIWriteByte  fsv9563.o
    0x08001304   0x08001304   0x00000018   Code   RO          255    i.FSV9563_SetBitMask  fsv9563.o
    0x0800131c   0x0800131c   0x0000001c   Code   RO          258    i.FSV9563_SetRawRC  fsv9563.o
    0x08001338   0x08001338   0x0000027c   Code   RO          259    i.FSV9563_SingleChannel_Read  fsv9563.o
    0x080015b4   0x080015b4   0x00000050   Code   RO          261    i.FSV9563_Switch_Channel  fsv9563.o
    0x08001604   0x08001604   0x0000003c   Code   RO          268    i.FSV9563_WriteReg  fsv9563.o
    0x08001640   0x08001640   0x00000028   Code   RO         1266    i.GPIO_EXTILineConfig  stm32f10x_gpio.o
    0x08001668   0x08001668   0x0000009c   Code   RO         1269    i.GPIO_Init         stm32f10x_gpio.o
    0x08001704   0x08001704   0x00000058   Code   RO         1271    i.GPIO_PinRemapConfig  stm32f10x_gpio.o
    0x0800175c   0x0800175c   0x00000004   Code   RO         1276    i.GPIO_ResetBits    stm32f10x_gpio.o
    0x08001760   0x08001760   0x00000004   Code   RO         1277    i.GPIO_SetBits      stm32f10x_gpio.o
    0x08001764   0x08001764   0x0000000a   Code   RO         1280    i.GPIO_WriteBit     stm32f10x_gpio.o
    0x0800176e   0x0800176e   0x00000030   Code   RO          778    i.Get_Module_Ch     rfid_compat.o
    0x0800179e   0x0800179e   0x0000001e   Code   RO          779    i.Get_RFIDCheck     rfid_compat.o
    0x080017bc   0x080017bc   0x00000002   Code   RO          106    i.HardFault_Handler  stm32f10x_it.o
    0x080017be   0x080017be   0x00000002   Code   RO          107    i.MemManage_Handler  stm32f10x_it.o
    0x080017c0   0x080017c0   0x00000002   Code   RO          108    i.NMI_Handler       stm32f10x_it.o
    0x080017c2   0x080017c2   0x00000002   PAD
    0x080017c4   0x080017c4   0x00000064   Code   RO          915    i.NVIC_Init         misc.o
    0x08001828   0x08001828   0x00000002   Code   RO          109    i.PendSV_Handler    stm32f10x_it.o
    0x0800182a   0x0800182a   0x00000002   PAD
    0x0800182c   0x0800182c   0x00000018   Code   RO         1391    i.RCC_APB1PeriphClockCmd  stm32f10x_rcc.o
    0x08001844   0x08001844   0x00000018   Code   RO         1393    i.RCC_APB2PeriphClockCmd  stm32f10x_rcc.o
    0x0800185c   0x0800185c   0x00000094   Code   RO         1401    i.RCC_GetClocksFreq  stm32f10x_rcc.o
    0x080018f0   0x080018f0   0x00000064   Code   RO          780    i.RFID_ActivateCard  rfid_compat.o
    0x08001954   0x08001954   0x000000d0   Code   RO          781    i.RFID_Cmd_AutoScan  rfid_compat.o
    0x08001a24   0x08001a24   0x00000020   Code   RO          782    i.RFID_Cmd_GetAddr  rfid_compat.o
    0x08001a44   0x08001a44   0x00000048   Code   RO          783    i.RFID_Cmd_GetInfo  rfid_compat.o
    0x08001a8c   0x08001a8c   0x00000094   Code   RO          784    i.RFID_Cmd_ReadBlock  rfid_compat.o
    0x08001b20   0x08001b20   0x0000009c   Code   RO          785    i.RFID_Cmd_ReadSector  rfid_compat.o
    0x08001bbc   0x08001bbc   0x0000004c   Code   RO          786    i.RFID_Cmd_SelectChannel  rfid_compat.o
    0x08001c08   0x08001c08   0x00000030   Code   RO          787    i.RFID_Cmd_SetAddr  rfid_compat.o
    0x08001c38   0x08001c38   0x000000a4   Code   RO          788    i.RFID_Cmd_WriteBlock  rfid_compat.o
    0x08001cdc   0x08001cdc   0x00000180   Code   RO          789    i.RFID_Cmd_WriteReadTest  rfid_compat.o
    0x08001e5c   0x08001e5c   0x000000a4   Code   RO          790    i.RFID_Cmd_WriteSector  rfid_compat.o
    0x08001f00   0x08001f00   0x0000000e   Code   RO          791    i.RFID_Compat_Init  rfid_compat.o
    0x08001f0e   0x08001f0e   0x00000002   PAD
    0x08001f10   0x08001f10   0x000000a4   Code   RO          792    i.RFID_ProcessCommand  rfid_compat.o
    0x08001fb4   0x08001fb4   0x00000074   Code   RO          793    i.RFID_RespondAnalysis  rfid_compat.o
    0x08002028   0x08002028   0x0000006c   Code   RO          794    i.RFID_SendResponse  rfid_compat.o
    0x08002094   0x08002094   0x00000050   Code   RO          795    i.RFID_Switch_Channel  rfid_compat.o
    0x080020e4   0x080020e4   0x00000024   Code   RO          796    i.RFID_Var_Init     rfid_compat.o
    0x08002108   0x08002108   0x00000014   Code   RO         1606    i.SPI_Cmd           stm32f10x_spi.o
    0x0800211c   0x0800211c   0x00000038   Code   RO         1619    i.SPI_Init          stm32f10x_spi.o
    0x08002154   0x08002154   0x00000002   Code   RO          110    i.SVC_Handler       stm32f10x_it.o
    0x08002156   0x08002156   0x00000002   PAD
    0x08002158   0x08002158   0x000000a8   Code   RO         1956    i.SetSysClockTo72   system_stm32f10x.o
    0x08002200   0x08002200   0x00000002   Code   RO          111    i.SysTick_Handler   stm32f10x_it.o
    0x08002202   0x08002202   0x00000002   PAD
    0x08002204   0x08002204   0x00000050   Code   RO         1958    i.SystemInit        system_stm32f10x.o
    0x08002254   0x08002254   0x000000b4   Code   RO            4    i.System_Init       main.o
    0x08002308   0x08002308   0x00000050   Code   RO            5    i.USART1_IRQHandler  main.o
    0x08002358   0x08002358   0x00000006   Code   RO         1757    i.USART_ClearFlag   stm32f10x_usart.o
    0x0800235e   0x0800235e   0x0000000c   Code   RO         1758    i.USART_ClearITPendingBit  stm32f10x_usart.o
    0x0800236a   0x0800236a   0x00000014   Code   RO         1761    i.USART_Cmd         stm32f10x_usart.o
    0x0800237e   0x0800237e   0x0000003e   Code   RO         1765    i.USART_GetITStatus  stm32f10x_usart.o
    0x080023bc   0x080023bc   0x00000030   Code   RO         1767    i.USART_ITConfig    stm32f10x_usart.o
    0x080023ec   0x080023ec   0x000000ac   Code   RO         1768    i.USART_Init        stm32f10x_usart.o
    0x08002498   0x08002498   0x00000008   Code   RO         1775    i.USART_ReceiveData  stm32f10x_usart.o
    0x080024a0   0x080024a0   0x00000008   Code   RO         1778    i.USART_SendData    stm32f10x_usart.o
    0x080024a8   0x080024a8   0x0000001e   Code   RO          276    i.UpdateCrc_B       fsv9563.o
    0x080024c6   0x080024c6   0x00000002   Code   RO          112    i.UsageFault_Handler  stm32f10x_it.o
    0x080024c8   0x080024c8   0x00000020   Code   RO         2210    i.__0printf$8       mc_w.l(printf8.o)
    0x080024e8   0x080024e8   0x0000000e   Code   RO         2310    i.__scatterload_copy  mc_w.l(handlers.o)
    0x080024f6   0x080024f6   0x00000002   Code   RO         2311    i.__scatterload_null  mc_w.l(handlers.o)
    0x080024f8   0x080024f8   0x0000000e   Code   RO         2312    i.__scatterload_zeroinit  mc_w.l(handlers.o)
    0x08002506   0x08002506   0x00000002   PAD
    0x08002508   0x08002508   0x00000410   Code   RO         2217    i._printf_core      mc_w.l(printf8.o)
    0x08002918   0x08002918   0x00000024   Code   RO         2218    i._printf_post_padding  mc_w.l(printf8.o)
    0x0800293c   0x0800293c   0x0000002e   Code   RO         2219    i._printf_pre_padding  mc_w.l(printf8.o)
    0x0800296a   0x0800296a   0x00000002   PAD
    0x0800296c   0x0800296c   0x0000002c   Code   RO          277    i.delay_init        fsv9563.o
    0x08002998   0x08002998   0x0000002c   Code   RO          278    i.delay_ms          fsv9563.o
    0x080029c4   0x080029c4   0x00000012   Code   RO          279    i.delay_ns          fsv9563.o
    0x080029d6   0x080029d6   0x00000012   Code   RO         2278    i.fputc             mc_w.l(fputc.o)
    0x080029e8   0x080029e8   0x00000034   Code   RO            6    i.main              main.o
    0x08002a1c   0x08002a1c   0x00000032   Data   RO          282    .constdata          fsv9563.o
    0x08002a4e   0x08002a4e   0x00000018   Data   RO          798    .constdata          rfid_compat.o
    0x08002a66   0x08002a66   0x00000002   PAD
    0x08002a68   0x08002a68   0x00000020   Data   RO         2308    Region$$Table       anon$$obj.o


    Execution Region RW_IRAM1 (Exec base: 0x20000000, Load base: 0x08002a88, Size: 0x00000520, Max: 0x00005000, ABSOLUTE)

    Exec Addr    Load Addr    Size         Type   Attr      Idx    E Section Name        Object

    0x20000000   0x08002a88   0x00000002   Data   RW            8    .data               main.o
    0x20000002   0x08002a8a   0x00000001   Data   RW          113    .data               stm32f10x_it.o
    0x20000003   0x08002a8b   0x00000001   PAD
    0x20000004   0x08002a8c   0x00000030   Data   RW          283    .data               fsv9563.o
    0x20000034   0x08002abc   0x0000000d   Data   RW          799    .data               rfid_compat.o
    0x20000041   0x08002ac9   0x00000014   Data   RW         1421    .data               stm32f10x_rcc.o
    0x20000055   0x08002add   0x00000003   PAD
    0x20000058   0x08002ae0   0x00000004   Data   RW         2280    .data               mc_w.l(stdout.o)
    0x2000005c        -       0x00000080   Zero   RW            7    .bss                main.o
    0x200000dc        -       0x00000040   Zero   RW          797    .bss                rfid_compat.o
    0x2000011c   0x08002ae4   0x00000004   PAD
    0x20000120        -       0x00000400   Zero   RW         1946    STACK               startup_stm32f10x_md.o


==============================================================================

Image component sizes


      Code (inc. data)   RO Data    RW Data    ZI Data      Debug   Object Name

      4970        148         50         48          0      30071   fsv9563.o
       312         30          0          2        128     252665   main.o
       100          6          0          0          0       1156   misc.o
      2148        148         24         13         64      14661   rfid_compat.o
        36          8        236          0       1024        812   startup_stm32f10x_md.o
        92         10          0          0          0       3369   stm32f10x_adc.o
       156         14          0          0          0       2424   stm32f10x_exti.o
       302         12          0          0          0       5436   stm32f10x_gpio.o
        58          6          0          1          0       4518   stm32f10x_it.o
       196         28          0         20          0       4682   stm32f10x_rcc.o
        76          0          0          0          0       2309   stm32f10x_spi.o
       336          6          0          0          0       7243   stm32f10x_usart.o
       248         24          0          0          0       1601   system_stm32f10x.o

    ----------------------------------------------------------------------
      9048        440        344         88       1220     330947   Object Totals
         0          0         32          0          0          0   (incl. Generated)
        18          0          2          4          4          0   (incl. Padding)

    ----------------------------------------------------------------------

      Code (inc. data)   RO Data    RW Data    ZI Data      Debug   Library Member Name

         0          0          0          0          0          0   entry.o
         0          0          0          0          0          0   entry10a.o
         0          0          0          0          0          0   entry11a.o
         8          4          0          0          0          0   entry2.o
         4          0          0          0          0          0   entry5.o
         0          0          0          0          0          0   entry7b.o
         0          0          0          0          0          0   entry8b.o
         8          4          0          0          0          0   entry9a.o
        18          0          0          0          0         80   fputc.o
        30          0          0          0          0          0   handlers.o
        36          8          0          0          0         68   init.o
         0          0          0          0          0          0   iusesemip.o
        30          0          0          0          0         68   llshl.o
        32          0          0          0          0         68   llushr.o
        36          0          0          0          0         68   memcpya.o
        36          0          0          0          0        108   memseta.o
      1154         54          0          0          0        352   printf8.o
         0          0          0          0          0          0   semi.o
         0          0          0          4          0          0   stdout.o
        98          0          0          0          0         92   uldiv.o

    ----------------------------------------------------------------------
      1496         70          0          4          0        904   Library Totals
         6          0          0          0          0          0   (incl. Padding)

    ----------------------------------------------------------------------

      Code (inc. data)   RO Data    RW Data    ZI Data      Debug   Library Name

      1490         70          0          4          0        904   mc_w.l

    ----------------------------------------------------------------------
      1496         70          0          4          0        904   Library Totals

    ----------------------------------------------------------------------

==============================================================================


      Code (inc. data)   RO Data    RW Data    ZI Data      Debug   

     10544        510        344         92       1220     326907   Grand Totals
     10544        510        344         92       1220     326907   ELF Image Totals
     10544        510        344         92          0          0   ROM Totals

==============================================================================

    Total RO  Size (Code + RO Data)                10888 (  10.63kB)
    Total RW  Size (RW Data + ZI Data)              1312 (   1.28kB)
    Total ROM Size (Code + RO Data + RW Data)      10980 (  10.72kB)

==============================================================================

